Archive member included because of file (symbol)

c:/altera/13.0/nios2eds/bin/gnu/h-i686-mingw32/bin/../lib/gcc/nios2-elf/4.1.2\libgcc.a(_addsub_df.o)
                              obj/default/freertos_test.o (__subdf3)
c:/altera/13.0/nios2eds/bin/gnu/h-i686-mingw32/bin/../lib/gcc/nios2-elf/4.1.2\libgcc.a(_mul_df.o)
                              obj/default/freertos_test.o (__muldf3)
c:/altera/13.0/nios2eds/bin/gnu/h-i686-mingw32/bin/../lib/gcc/nios2-elf/4.1.2\libgcc.a(_div_df.o)
                              obj/default/freertos_test.o (__divdf3)
c:/altera/13.0/nios2eds/bin/gnu/h-i686-mingw32/bin/../lib/gcc/nios2-elf/4.1.2\libgcc.a(_eq_df.o)
                              obj/default/freertos_test.o (__eqdf2)
c:/altera/13.0/nios2eds/bin/gnu/h-i686-mingw32/bin/../lib/gcc/nios2-elf/4.1.2\libgcc.a(_gt_df.o)
                              obj/default/freertos_test.o (__gtdf2)
c:/altera/13.0/nios2eds/bin/gnu/h-i686-mingw32/bin/../lib/gcc/nios2-elf/4.1.2\libgcc.a(_lt_df.o)
                              obj/default/freertos_test.o (__ltdf2)
c:/altera/13.0/nios2eds/bin/gnu/h-i686-mingw32/bin/../lib/gcc/nios2-elf/4.1.2\libgcc.a(_si_to_df.o)
                              obj/default/freertos_test.o (__floatsidf)
c:/altera/13.0/nios2eds/bin/gnu/h-i686-mingw32/bin/../lib/gcc/nios2-elf/4.1.2\libgcc.a(_df_to_si.o)
                              obj/default/freertos_test.o (__fixdfsi)
c:/altera/13.0/nios2eds/bin/gnu/h-i686-mingw32/bin/../lib/gcc/nios2-elf/4.1.2\libgcc.a(_thenan_df.o)
                              c:/altera/13.0/nios2eds/bin/gnu/h-i686-mingw32/bin/../lib/gcc/nios2-elf/4.1.2\libgcc.a(_addsub_df.o) (__thenan_df)
c:/altera/13.0/nios2eds/bin/gnu/h-i686-mingw32/bin/../lib/gcc/nios2-elf/4.1.2\libgcc.a(_muldi3.o)
                              c:/altera/13.0/nios2eds/bin/gnu/h-i686-mingw32/bin/../lib/gcc/nios2-elf/4.1.2\libgcc.a(_mul_df.o) (__muldi3)
c:/altera/13.0/nios2eds/bin/gnu/h-i686-mingw32/bin/../lib/gcc/nios2-elf/4.1.2\libgcc.a(_clzsi2.o)
                              c:/altera/13.0/nios2eds/bin/gnu/h-i686-mingw32/bin/../lib/gcc/nios2-elf/4.1.2\libgcc.a(_si_to_df.o) (__clzsi2)
c:/altera/13.0/nios2eds/bin/gnu/h-i686-mingw32/bin/../lib/gcc/nios2-elf/4.1.2\libgcc.a(_pack_df.o)
                              c:/altera/13.0/nios2eds/bin/gnu/h-i686-mingw32/bin/../lib/gcc/nios2-elf/4.1.2\libgcc.a(_addsub_df.o) (__pack_d)
c:/altera/13.0/nios2eds/bin/gnu/h-i686-mingw32/bin/../lib/gcc/nios2-elf/4.1.2\libgcc.a(_unpack_df.o)
                              c:/altera/13.0/nios2eds/bin/gnu/h-i686-mingw32/bin/../lib/gcc/nios2-elf/4.1.2\libgcc.a(_addsub_df.o) (__unpack_d)
c:/altera/13.0/nios2eds/bin/gnu/h-i686-mingw32/bin/../lib/gcc/nios2-elf/4.1.2\libgcc.a(_fpcmp_parts_df.o)
                              c:/altera/13.0/nios2eds/bin/gnu/h-i686-mingw32/bin/../lib/gcc/nios2-elf/4.1.2\libgcc.a(_eq_df.o) (__fpcmp_parts_d)
c:/altera/13.0/nios2eds/bin/gnu/h-i686-mingw32/bin/../lib/gcc/nios2-elf/4.1.2\libgcc.a(_clz.o)
                              c:/altera/13.0/nios2eds/bin/gnu/h-i686-mingw32/bin/../lib/gcc/nios2-elf/4.1.2\libgcc.a(_clzsi2.o) (__clz_tab)
c:/altera/13.0/nios2eds/bin/gnu/h-i686-mingw32/bin/../lib/gcc/nios2-elf/4.1.2/../../../../nios2-elf/lib\libc.a(lib_a-memcmp.o)
                              obj/default/freertos/tasks.o (memcmp)
c:/altera/13.0/nios2eds/bin/gnu/h-i686-mingw32/bin/../lib/gcc/nios2-elf/4.1.2/../../../../nios2-elf/lib\libc.a(lib_a-memcpy.o)
                              obj/default/freertos/queue.o (memcpy)
c:/altera/13.0/nios2eds/bin/gnu/h-i686-mingw32/bin/../lib/gcc/nios2-elf/4.1.2/../../../../nios2-elf/lib\libc.a(lib_a-memset.o)
                              obj/default/freertos/tasks.o (memset)
c:/altera/13.0/nios2eds/bin/gnu/h-i686-mingw32/bin/../lib/gcc/nios2-elf/4.1.2/../../../../nios2-elf/lib\libc.a(lib_a-printf.o)
                              obj/default/freertos/port.o (printf)
c:/altera/13.0/nios2eds/bin/gnu/h-i686-mingw32/bin/../lib/gcc/nios2-elf/4.1.2/../../../../nios2-elf/lib\libc.a(lib_a-puts.o)
                              obj/default/freertos_test.o (puts)
c:/altera/13.0/nios2eds/bin/gnu/h-i686-mingw32/bin/../lib/gcc/nios2-elf/4.1.2/../../../../nios2-elf/lib\libc.a(lib_a-sprintf.o)
                              obj/default/freertos_test.o (sprintf)
c:/altera/13.0/nios2eds/bin/gnu/h-i686-mingw32/bin/../lib/gcc/nios2-elf/4.1.2/../../../../nios2-elf/lib\libc.a(lib_a-strlen.o)
                              c:/altera/13.0/nios2eds/bin/gnu/h-i686-mingw32/bin/../lib/gcc/nios2-elf/4.1.2/../../../../nios2-elf/lib\libc.a(lib_a-puts.o) (strlen)
c:/altera/13.0/nios2eds/bin/gnu/h-i686-mingw32/bin/../lib/gcc/nios2-elf/4.1.2/../../../../nios2-elf/lib\libc.a(lib_a-vfprintf.o)
                              c:/altera/13.0/nios2eds/bin/gnu/h-i686-mingw32/bin/../lib/gcc/nios2-elf/4.1.2/../../../../nios2-elf/lib\libc.a(lib_a-printf.o) (___vfprintf_internal_r)
[...]
Memory Configuration

Name             Origin             Length             Attributes
onchip_memory_BEFORE_EXCEPTION 0x00000000         0x00000020
onchip_memory    0x00000020         0x00031fe0
reset            0x01000000         0x00000020
flash_controller 0x01000020         0x007fffe0
sdram            0x08000000         0x08000000
*default*        0x00000000         0xffffffff

Linker script and memory map

LOAD ../test_freetos_bsp//obj/HAL/src/crt0.o
LOAD obj/default/freertos/croutine.o
LOAD obj/default/freertos/event_groups.o
LOAD obj/default/freertos/heap.o
LOAD obj/default/freertos/list.o
LOAD obj/default/freertos/port.o
LOAD obj/default/freertos/queue.o
LOAD obj/default/freertos/tasks.o
LOAD obj/default/freertos/timers.o
LOAD obj/default/freertos_test.o
LOAD obj/default/freertos/port_asm.o
LOAD c:/altera/13.0/nios2eds/bin/gnu/h-i686-mingw32/bin/../lib/gcc/nios2-elf/4.1.2/../../../../nios2-elf/lib\libstdc++.a
LOAD c:/altera/13.0/nios2eds/bin/gnu/h-i686-mingw32/bin/../lib/gcc/nios2-elf/4.1.2/../../../../nios2-elf/lib\libm.a
LOAD c:/altera/13.0/nios2eds/bin/gnu/h-i686-mingw32/bin/../lib/gcc/nios2-elf/4.1.2\libgcc.a
START GROUP
LOAD c:/altera/13.0/nios2eds/bin/gnu/h-i686-mingw32/bin/../lib/gcc/nios2-elf/4.1.2/../../../../nios2-elf/lib\libc.a
LOAD c:/altera/13.0/nios2eds/bin/gnu/h-i686-mingw32/bin/../lib/gcc/nios2-elf/4.1.2\libgcc.a
LOAD ../test_freetos_bsp/\libhal_bsp.a
END GROUP
LOAD c:/altera/13.0/nios2eds/bin/gnu/h-i686-mingw32/bin/../lib/gcc/nios2-elf/4.1.2\libgcc.a
                0x00000000                __alt_mem_onchip_memory = 0x0
                0x01000000                __alt_mem_flash_controller = 0x1000000
                0x08000000                __alt_mem_sdram = 0x8000000

.entry          0x01000000        0x0
 *(.entry)
 .entry         0x01000000        0x0 ../test_freetos_bsp//obj/HAL/src/crt0.o
                0x01000000                __reset

.exceptions     0x00000020      0x228
                0x00000020                PROVIDE (__ram_exceptions_start, ABSOLUTE (.))
                0x00000020                . = ALIGN (0x20)
 *(.irq)
 *(.exceptions.entry.label)
 *(.exceptions.entry.user)
 *(.exceptions.entry)
 .exceptions.entry
                0x00000020       0x8c obj/default/freertos/port_asm.o
 *(.exceptions.irqtest.user)
 *(.exceptions.irqtest)
 .exceptions.irqtest
                0x000000ac       0x14 obj/default/freertos/port_asm.o
 *(.exceptions.irqhandler.user)
 *(.exceptions.irqhandler)
 .exceptions.irqhandler
                0x000000c0        0x4 obj/default/freertos/port_asm.o
 *(.exceptions.irqreturn.user)
 *(.exceptions.irqreturn)
 .exceptions.irqreturn
                0x000000c4       0x8c obj/default/freertos/port_asm.o
                0x000000c4                restore_sp_from_pxCurrentTCB
 *(.exceptions.notirq.label)
 *(.exceptions.notirq.user)
 *(.exceptions.notirq)
 *(.exceptions.soft.user)
 *(.exceptions.soft)
 .exceptions.soft
                0x00000150       0x2c obj/default/freertos/port_asm.o
 *(.exceptions.unknown.user)
 *(.exceptions.unknown)
 *(.exceptions.exit.label)
 *(.exceptions.exit.user)
 *(.exceptions.exit)
 *(.exceptions)
 .exceptions    0x0000017c       0xcc ../test_freetos_bsp/\libhal_bsp.a(alt_irq_handler.o)
                0x0000017c                alt_irq_handler
                0x00000248                PROVIDE (__ram_exceptions_end, ABSOLUTE (.))
                0x00000020                PROVIDE (__flash_exceptions_start, LOADADDR (.exceptions))

.text           0x00000248    0x19874
                0x00000248                PROVIDE (stext, ABSOLUTE (.))
 *(.interp)
 *(.hash)
 *(.dynsym)
 *(.dynstr)
 *(.gnu.version)
 *(.gnu.version_d)
 *(.gnu.version_r)
 *(.rel.init)
 *(.rela.init)
 *(.rel.text .rel.text.* .rel.gnu.linkonce.t.*)
 *(.rela.text .rela.text.* .rela.gnu.linkonce.t.*)
 *(.rel.fini)
 *(.rela.fini)
 *(.rel.rodata .rel.rodata.* .rel.gnu.linkonce.r.*)
 *(.rela.rodata .rela.rodata.* .rela.gnu.linkonce.r.*)
 *(.rel.data .rel.data.* .rel.gnu.linkonce.d.*)
 *(.rela.data .rela.data.* .rela.gnu.linkonce.d.*)
 *(.rel.tdata .rel.tdata.* .rel.gnu.linkonce.td.*)
 *(.rela.tdata .rela.tdata.* .rela.gnu.linkonce.td.*)
 *(.rel.tbss .rel.tbss.* .rel.gnu.linkonce.tb.*)
 *(.rela.tbss .rela.tbss.* .rela.gnu.linkonce.tb.*)
 *(.rel.ctors)
 *(.rela.ctors)
 *(.rel.dtors)
 *(.rela.dtors)
 *(.rel.got)
 *(.rela.got)
 *(.rel.sdata .rel.sdata.* .rel.gnu.linkonce.s.*)
 *(.rela.sdata .rela.sdata.* .rela.gnu.linkonce.s.*)
 *(.rel.sbss .rel.sbss.* .rel.gnu.linkonce.sb.*)
 *(.rela.sbss .rela.sbss.* .rela.gnu.linkonce.sb.*)
 *(.rel.sdata2 .rel.sdata2.* .rel.gnu.linkonce.s2.*)
 *(.rela.sdata2 .rela.sdata2.* .rela.gnu.linkonce.s2.*)
 *(.rel.sbss2 .rel.sbss2.* .rel.gnu.linkonce.sb2.*)
 *(.rela.sbss2 .rela.sbss2.* .rela.gnu.linkonce.sb2.*)
 *(.rel.bss .rel.bss.* .rel.gnu.linkonce.b.*)
 *(.rela.bss .rela.bss.* .rela.gnu.linkonce.b.*)
 *(.rel.plt)
 *(.rela.plt)
 *(.rel.dyn)
 *(.init)
 *(.plt)
 *(.text .stub .text.* .gnu.linkonce.t.*)
 .text          0x00000248       0x48 ../test_freetos_bsp//obj/HAL/src/crt0.o
                0x00000248                _start
 .text          0x00000290      0x60c obj/default/freertos/croutine.o
                0x00000290                xCoRoutineCreate
                0x000003d0                vCoRoutineAddToDelayedList
                0x00000694                vCoRoutineSchedule
                0x0000081c                xCoRoutineRemoveFromEventList
 .text          0x0000089c      0x720 obj/default/freertos/event_groups.o
                0x0000089c                xEventGroupCreate
                0x000008f0                xEventGroupSync
                0x00000a74                xEventGroupWaitBits
                0x00000c34                xEventGroupClearBits
                0x00000c9c                xEventGroupGetBitsFromISR
                0x00000cd8                xEventGroupSetBits
                0x00000e64                vEventGroupDelete
                0x00000ed4                vEventGroupSetBitsCallback
                0x00000f0c                vEventGroupClearBitsCallback
 .text          0x00000fbc      0x448 obj/default/freertos/heap.o
                0x00000fbc                pvPortMalloc
                0x00001150                vPortFree
                0x000011d0                xPortGetFreeHeapSize
                0x000011f0                vPortInitialiseBlocks
 .text          0x00001404      0x28c obj/default/freertos/list.o
                0x00001404                vListInitialise
                0x00001474                vListInitialiseItem
                0x0000149c                vListInsertEnd
                0x00001524                vListInsert
                0x000015f8                uxListRemove
 .text          0x00001690      0x434 obj/default/freertos/port.o
                0x00001690                vApplicationStackOverflowHook
                0x000016f4                pxPortInitialiseStack
                0x000017dc                xPortStartScheduler
                0x00001814                vPortEndScheduler
                0x000018c8                vPortSysTickHandler
                0x00001914                alt_irq_register
 .text          0x00001ac4     0x1134 obj/default/freertos/queue.o
                0x00001ac4                xQueueGenericReset
                0x00001bd8                xQueueGenericCreate
                0x00001cb4                xQueueCreateMutex
                0x00001d78                xQueueGiveMutexRecursive
                0x00001e0c                xQueueTakeMutexRecursive
                0x00001eb4                xQueueCreateCountingSemaphore
                0x00001f10                xQueueGenericSend
                0x000020c0                xQueueGenericSendFromISR
                0x000021a8                xQueueGiveFromISR
                0x00002280                xQueueGenericReceive
                0x000024ac                xQueueReceiveFromISR
                0x00002590                xQueuePeekFromISR
                0x00002610                uxQueueMessagesWaiting
                0x00002650                uxQueueSpacesAvailable
                0x000026a4                uxQueueMessagesWaitingFromISR
                0x000026d4                vQueueDelete
                0x00002a80                xQueueIsQueueEmptyFromISR
                0x00002b1c                xQueueIsQueueFullFromISR
                0x00002b64                vQueueWaitForMessageRestricted
 .text          0x00002bf8     0x1c94 obj/default/freertos/tasks.o
                0x00002bf8                xTaskGenericCreate
                0x00002dc0                vTaskDelete
                0x00002e98                vTaskDelay
                0x00002f10                vTaskStartScheduler
                0x00002fac                vTaskEndScheduler
                0x00002ff0                vTaskSuspendAll
                0x00003018                xTaskResumeAll
                0x00003168                xTaskGetTickCount
                0x00003190                xTaskGetTickCountFromISR
                0x000031bc                uxTaskGetNumberOfTasks
                0x000031dc                xTaskIncrementTick
                0x000033b8                vTaskSwitchContext
                0x000034e8                vTaskPlaceOnEventList
                0x00003548                vTaskPlaceOnUnorderedEventList
                0x000035bc                vTaskPlaceOnEventListRestricted
                0x0000361c                xTaskRemoveFromEventList
                0x00003704                xTaskRemoveFromUnorderedEventList
                0x000037d4                vTaskSetTimeOutState
                0x0000380c                xTaskCheckForTimeOut
                0x000038d0                vTaskMissedYield
                0x00003d50                uxTaskGetStackHighWaterMark
                0x00003e6c                xTaskGetCurrentTaskHandle
                0x00003e94                xTaskGetSchedulerState
                0x00003ee8                vTaskPriorityInherit
                0x00004018                xTaskPriorityDisinherit
                0x00004114                vTaskEnterCritical
                0x00004168                vTaskExitCritical
                0x000041d0                uxTaskResetEventItemValue
                0x00004214                pvTaskIncrementMutexHeldCount
                0x00004250                ulTaskNotifyTake
                0x00004328                xTaskNotifyWait
                0x00004434                xTaskNotify
                0x000045bc                xTaskNotifyFromISR
                0x0000477c                vTaskNotifyGiveFromISR
 .text          0x0000488c      0x8b0 obj/default/freertos/timers.o
                0x0000488c                xTimerCreateTimerTask
                0x000048fc                xTimerCreate
                0x000049ac                xTimerGenericCommand
                0x00004a74                pcTimerGetTimerName
                0x000050c0                xTimerIsTimerActive
                0x0000510c                pvTimerGetTimerID
 .text          0x0000513c     0x20e8 obj/default/freertos_test.o
                0x0000513c                PRVGADraw_Task
                0x00006248                maintenance_Task
                0x00006400                manageLoad_Task
                0x00006834                buttonISR
                0x000068b0                keyboardISR
                0x00006950                keyboard_task
                0x00006a60                freq_relay
                0x00006ac0                LEDcontroller_task
                0x00006e14                switchPolling_task
                0x00006e8c                vTimer500Callback
                0x00006eb4                vTimer200Callback
                0x00006edc                initOSDataStructs
                0x00006fe8                initCreateTasks
                0x00007134                initISRs
                0x000071f4                main
 .text          0x00007224        0x0 obj/default/freertos/port_asm.o
 .text          0x00007224      0x504 c:/altera/13.0/nios2eds/bin/gnu/h-i686-mingw32/bin/../lib/gcc/nios2-elf/4.1.2\libgcc.a(_addsub_df.o)
                0x00007634                __subdf3
                0x000076b4                __adddf3
 .text          0x00007728      0x3c4 c:/altera/13.0/nios2eds/bin/gnu/h-i686-mingw32/bin/../lib/gcc/nios2-elf/4.1.2\libgcc.a(_mul_df.o)
                0x00007728                __muldf3
 .text          0x00007aec      0x258 c:/altera/13.0/nios2eds/bin/gnu/h-i686-mingw32/bin/../lib/gcc/nios2-elf/4.1.2\libgcc.a(_div_df.o)
                0x00007aec                __divdf3
 .text          0x00007d44       0x88 c:/altera/13.0/nios2eds/bin/gnu/h-i686-mingw32/bin/../lib/gcc/nios2-elf/4.1.2\libgcc.a(_eq_df.o)
                0x00007d44                __eqdf2
 .text          0x00007dcc       0x88 c:/altera/13.0/nios2eds/bin/gnu/h-i686-mingw32/bin/../lib/gcc/nios2-elf/4.1.2\libgcc.a(_gt_df.o)
                0x00007dcc                __gtdf2
 .text          0x00007e54       0x88 c:/altera/13.0/nios2eds/bin/gnu/h-i686-mingw32/bin/../lib/gcc/nios2-elf/4.1.2\libgcc.a(_lt_df.o)
                0x00007e54                __ltdf2
 .text          0x00007edc       0xf8 c:/altera/13.0/nios2eds/bin/gnu/h-i686-mingw32/bin/../lib/gcc/nios2-elf/4.1.2\libgcc.a(_si_to_df.o)
                0x00007edc                __floatsidf
 .text          0x00007fd4       0xd8 c:/altera/13.0/nios2eds/bin/gnu/h-i686-mingw32/bin/../lib/gcc/nios2-elf/4.1.2\libgcc.a(_df_to_si.o)
                0x00007fd4                __fixdfsi
 .text          0x000080ac        0x0 c:/altera/13.0/nios2eds/bin/gnu/h-i686-mingw32/bin/../lib/gcc/nios2-elf/4.1.2\libgcc.a(_thenan_df.o)
 .text          0x000080ac       0x98 c:/altera/13.0/nios2eds/bin/gnu/h-i686-mingw32/bin/../lib/gcc/nios2-elf/4.1.2\libgcc.a(_muldi3.o)
                0x000080ac                __muldi3
 .text          0x00008144       0x80 c:/altera/13.0/nios2eds/bin/gnu/h-i686-mingw32/bin/../lib/gcc/nios2-elf/4.1.2\libgcc.a(_clzsi2.o)
                0x00008144                __clzsi2
 .text          0x000081c4      0x314 c:/altera/13.0/nios2eds/bin/gnu/h-i686-mingw32/bin/../lib/gcc/nios2-elf/4.1.2\libgcc.a(_pack_df.o)
                0x000081c4                __pack_d
 .text          0x000084d8      0x138 c:/altera/13.0/nios2eds/bin/gnu/h-i686-mingw32/bin/../lib/gcc/nios2-elf/4.1.2\libgcc.a(_unpack_df.o)
                0x000084d8                __unpack_d
 .text          0x00008610       0xc8 c:/altera/13.0/nios2eds/bin/gnu/h-i686-mingw32/bin/../lib/gcc/nios2-elf/4.1.2\libgcc.a(_fpcmp_parts_df.o)
                0x00008610                __fpcmp_parts_d
 .text          0x000086d8        0x0 c:/altera/13.0/nios2eds/bin/gnu/h-i686-mingw32/bin/../lib/gcc/nios2-elf/4.1.2\libgcc.a(_clz.o)
 .text          0x000086d8       0x74 c:/altera/13.0/nios2eds/bin/gnu/h-i686-mingw32/bin/../lib/gcc/nios2-elf/4.1.2/../../../../nios2-elf/lib\libc.a(lib_a-memcmp.o)
                0x000086d8                memcmp
 .text          0x0000874c       0xa0 c:/altera/13.0/nios2eds/bin/gnu/h-i686-mingw32/bin/../lib/gcc/nios2-elf/4.1.2/../../../../nios2-elf/lib\libc.a(lib_a-memcpy.o)
                0x0000874c                memcpy
 .text          0x000087ec       0x98 c:/altera/13.0/nios2eds/bin/gnu/h-i686-mingw32/bin/../lib/gcc/nios2-elf/4.1.2/../../../../nios2-elf/lib\libc.a(lib_a-memset.o)
                0x000087ec                memset
 .text          0x00008884       0x78 c:/altera/13.0/nios2eds/bin/gnu/h-i686-mingw32/bin/../lib/gcc/nios2-elf/4.1.2/../../../../nios2-elf/lib\libc.a(lib_a-printf.o)
                0x00008884                printf
                0x000088c8                _printf_r
 .text          0x000088fc       0xb4 c:/altera/13.0/nios2eds/bin/gnu/h-i686-mingw32/bin/../lib/gcc/nios2-elf/4.1.2/../../../../nios2-elf/lib\libc.a(lib_a-puts.o)
                0x000088fc                _puts_r
                0x0000899c                puts
 .text          0x000089b0       0xd4 c:/altera/13.0/nios2eds/bin/gnu/h-i686-mingw32/bin/../lib/gcc/nios2-elf/4.1.2/../../../../nios2-elf/lib\libc.a(lib_a-sprintf.o)
                0x000089b0                sprintf
                0x00008a24                _sprintf_r
 .text          0x00008a84       0x74 c:/altera/13.0/nios2eds/bin/gnu/h-i686-mingw32/bin/../lib/gcc/nios2-elf/4.1.2/../../../../nios2-elf/lib\libc.a(lib_a-strlen.o)
                0x00008a84                strlen
 .text          0x00008af8     0x1f28 c:/altera/13.0/nios2eds/bin/gnu/h-i686-mingw32/bin/../lib/gcc/nios2-elf/4.1.2/../../../../nios2-elf/lib\libc.a(lib_a-vfprintf.o)
                0x00008b50                ___vfprintf_internal_r
                0x0000a9fc                __vfprintf_internal
 .text          0x0000aa20      0x13c c:/altera/13.0/nios2eds/bin/gnu/h-i686-mingw32/bin/../lib/gcc/nios2-elf/4.1.2/../../../../nios2-elf/lib\libc.a(lib_a-wsetup.o)
                0x0000aa20                __swsetup_r
 .text          0x0000ab5c     0x17cc c:/altera/13.0/nios2eds/bin/gnu/h-i686-mingw32/bin/../lib/gcc/nios2-elf/4.1.2/../../../../nios2-elf/lib\libc.a(lib_a-dtoa.o)
                0x0000ad74                _dtoa_r
 .text          0x0000c328      0x230 c:/altera/13.0/nios2eds/bin/gnu/h-i686-mingw32/bin/../lib/gcc/nios2-elf/4.1.2/../../../../nios2-elf/lib\libc.a(lib_a-fflush.o)
                0x0000c328                _fflush_r
                0x0000c524                fflush
 .text          0x0000c558      0x2c0 c:/altera/13.0/nios2eds/bin/gnu/h-i686-mingw32/bin/../lib/gcc/nios2-elf/4.1.2/../../../../nios2-elf/lib\libc.a(lib_a-findfp.o)
                0x0000c5b0                __sfp_lock_acquire
                0x0000c5b4                __sfp_lock_release
                0x0000c5b8                __sinit_lock_acquire
                0x0000c5bc                __sinit_lock_release
                0x0000c5c0                __sinit
                0x0000c674                __fp_unlock_all
                0x0000c68c                __fp_lock_all
                0x0000c6a4                _cleanup_r
                0x0000c6b0                _cleanup
                0x0000c6c0                __sfmoreglue
                0x0000c728                __sfp
 .text          0x0000c818      0x440 c:/altera/13.0/nios2eds/bin/gnu/h-i686-mingw32/bin/../lib/gcc/nios2-elf/4.1.2/../../../../nios2-elf/lib\libc.a(lib_a-freer.o)
                0x0000c818                _malloc_trim_r
                0x0000c944                _free_r
 .text          0x0000cc58      0x49c c:/altera/13.0/nios2eds/bin/gnu/h-i686-mingw32/bin/../lib/gcc/nios2-elf/4.1.2/../../../../nios2-elf/lib\libc.a(lib_a-fvwrite.o)
                0x0000cc58                __sfvwrite_r
 .text          0x0000d0f4      0x180 c:/altera/13.0/nios2eds/bin/gnu/h-i686-mingw32/bin/../lib/gcc/nios2-elf/4.1.2/../../../../nios2-elf/lib\libc.a(lib_a-fwalk.o)
                0x0000d0f4                _fwalk_reent
                0x0000d1bc                _fwalk
 .text          0x0000d274        0x0 c:/altera/13.0/nios2eds/bin/gnu/h-i686-mingw32/bin/../lib/gcc/nios2-elf/4.1.2/../../../../nios2-elf/lib\libc.a(lib_a-impure.o)
 .text          0x0000d274       0xc4 c:/altera/13.0/nios2eds/bin/gnu/h-i686-mingw32/bin/../lib/gcc/nios2-elf/4.1.2/../../../../nios2-elf/lib\libc.a(lib_a-locale.o)
                0x0000d274                __locale_charset
                0x0000d27c                _localeconv_r
                0x0000d288                localeconv
                0x0000d298                _setlocale_r
                0x0000d31c                setlocale
 .text          0x0000d338      0x194 c:/altera/13.0/nios2eds/bin/gnu/h-i686-mingw32/bin/../lib/gcc/nios2-elf/4.1.2/../../../../nios2-elf/lib\libc.a(lib_a-makebuf.o)
                0x0000d338                __smakebuf_r
 .text          0x0000d4cc      0x740 c:/altera/13.0/nios2eds/bin/gnu/h-i686-mingw32/bin/../lib/gcc/nios2-elf/4.1.2/../../../../nios2-elf/lib\libc.a(lib_a-mallocr.o)
                0x0000d4cc                _malloc_r
 .text          0x0000dc0c       0xe4 c:/altera/13.0/nios2eds/bin/gnu/h-i686-mingw32/bin/../lib/gcc/nios2-elf/4.1.2/../../../../nios2-elf/lib\libc.a(lib_a-memchr.o)
                0x0000dc0c                memchr
 .text          0x0000dcf0       0xe0 c:/altera/13.0/nios2eds/bin/gnu/h-i686-mingw32/bin/../lib/gcc/nios2-elf/4.1.2/../../../../nios2-elf/lib\libc.a(lib_a-memmove.o)
                0x0000dcf0                memmove
 .text          0x0000ddd0      0xff4 c:/altera/13.0/nios2eds/bin/gnu/h-i686-mingw32/bin/../lib/gcc/nios2-elf/4.1.2/../../../../nios2-elf/lib\libc.a(lib_a-mprec.o)
                0x0000ddd0                _Bfree
                0x0000ddf8                __hi0bits
                0x0000de68                __lo0bits
                0x0000df2c                __mcmp
                0x0000df8c                __ulp
                0x0000e00c                __b2d
                0x0000e12c                __ratio
                0x0000e1dc                _mprec_log10
                0x0000e270                __copybits
                0x0000e2c8                __any_on
                0x0000e350                _Balloc
                0x0000e40c                __d2b
                0x0000e588                __mdiff
                0x0000e714                __lshift
                0x0000e860                __multiply
                0x0000ea48                __i2b
                0x0000ea84                __multadd
                0x0000eb84                __pow5mult
                0x0000eca4                __s2b
 .text          0x0000edc4      0x5f4 c:/altera/13.0/nios2eds/bin/gnu/h-i686-mingw32/bin/../lib/gcc/nios2-elf/4.1.2/../../../../nios2-elf/lib\libc.a(lib_a-reallocr.o)
                0x0000edc4                _realloc_r
 .text          0x0000f3b8       0x40 c:/altera/13.0/nios2eds/bin/gnu/h-i686-mingw32/bin/../lib/gcc/nios2-elf/4.1.2/../../../../nios2-elf/lib\libc.a(lib_a-s_isinfd.o)
                0x0000f3b8                __isinfd
 .text          0x0000f3f8       0x30 c:/altera/13.0/nios2eds/bin/gnu/h-i686-mingw32/bin/../lib/gcc/nios2-elf/4.1.2/../../../../nios2-elf/lib\libc.a(lib_a-s_isnand.o)
                0x0000f3f8                __isnand
 .text          0x0000f428       0x70 c:/altera/13.0/nios2eds/bin/gnu/h-i686-mingw32/bin/../lib/gcc/nios2-elf/4.1.2/../../../../nios2-elf/lib\libc.a(lib_a-sbrkr.o)
                0x0000f428                _sbrk_r
 .text          0x0000f498      0x14c c:/altera/13.0/nios2eds/bin/gnu/h-i686-mingw32/bin/../lib/gcc/nios2-elf/4.1.2/../../../../nios2-elf/lib\libc.a(lib_a-stdio.o)
                0x0000f498                __sclose
                0x0000f4a0                __sseek
                0x0000f508                __swrite
                0x0000f584                __sread
 .text          0x0000f5e4       0xbc c:/altera/13.0/nios2eds/bin/gnu/h-i686-mingw32/bin/../lib/gcc/nios2-elf/4.1.2/../../../../nios2-elf/lib\libc.a(lib_a-strcmp.o)
                0x0000f5e4                strcmp
 .text          0x0000f6a0       0x78 c:/altera/13.0/nios2eds/bin/gnu/h-i686-mingw32/bin/../lib/gcc/nios2-elf/4.1.2/../../../../nios2-elf/lib\libc.a(lib_a-writer.o)
                0x0000f6a0                _write_r
 .text          0x0000f718       0xb4 c:/altera/13.0/nios2eds/bin/gnu/h-i686-mingw32/bin/../lib/gcc/nios2-elf/4.1.2/../../../../nios2-elf/lib\libc.a(lib_a-callocr.o)
                0x0000f718                _calloc_r
 .text          0x0000f7cc       0x70 c:/altera/13.0/nios2eds/bin/gnu/h-i686-mingw32/bin/../lib/gcc/nios2-elf/4.1.2/../../../../nios2-elf/lib\libc.a(lib_a-closer.o)
                0x0000f7cc                _close_r
 .text          0x0000f83c      0x124 c:/altera/13.0/nios2eds/bin/gnu/h-i686-mingw32/bin/../lib/gcc/nios2-elf/4.1.2/../../../../nios2-elf/lib\libc.a(lib_a-fclose.o)
                0x0000f83c                _fclose_r
                0x0000f94c                fclose
 .text          0x0000f960       0x74 c:/altera/13.0/nios2eds/bin/gnu/h-i686-mingw32/bin/../lib/gcc/nios2-elf/4.1.2/../../../../nios2-elf/lib\libc.a(lib_a-fstatr.o)
                0x0000f960                _fstat_r
 .text          0x0000f9d4        0x0 c:/altera/13.0/nios2eds/bin/gnu/h-i686-mingw32/bin/../lib/gcc/nios2-elf/4.1.2/../../../../nios2-elf/lib\libc.a(lib_a-int_errno.o)
 .text          0x0000f9d4       0x70 c:/altera/13.0/nios2eds/bin/gnu/h-i686-mingw32/bin/../lib/gcc/nios2-elf/4.1.2/../../../../nios2-elf/lib\libc.a(lib_a-isattyr.o)
                0x0000f9d4                _isatty_r
 .text          0x0000fa44       0x78 c:/altera/13.0/nios2eds/bin/gnu/h-i686-mingw32/bin/../lib/gcc/nios2-elf/4.1.2/../../../../nios2-elf/lib\libc.a(lib_a-lseekr.o)
                0x0000fa44                _lseek_r
 .text          0x0000fabc       0x78 c:/altera/13.0/nios2eds/bin/gnu/h-i686-mingw32/bin/../lib/gcc/nios2-elf/4.1.2/../../../../nios2-elf/lib\libc.a(lib_a-readr.o)
                0x0000fabc                _read_r
 .text          0x0000fb34      0x5dc c:/altera/13.0/nios2eds/bin/gnu/h-i686-mingw32/bin/../lib/gcc/nios2-elf/4.1.2\libgcc.a(_udivdi3.o)
                0x0000fb34                __udivdi3
 .text          0x00010110      0x5b0 c:/altera/13.0/nios2eds/bin/gnu/h-i686-mingw32/bin/../lib/gcc/nios2-elf/4.1.2\libgcc.a(_umoddi3.o)
                0x00010110                __umoddi3
 .text          0x000106c0       0x88 c:/altera/13.0/nios2eds/bin/gnu/h-i686-mingw32/bin/../lib/gcc/nios2-elf/4.1.2\libgcc.a(_ne_df.o)
                0x000106c0                __nedf2
 .text          0x00010748       0x88 c:/altera/13.0/nios2eds/bin/gnu/h-i686-mingw32/bin/../lib/gcc/nios2-elf/4.1.2\libgcc.a(_ge_df.o)
                0x00010748                __gedf2
 .text          0x000107d0      0x194 c:/altera/13.0/nios2eds/bin/gnu/h-i686-mingw32/bin/../lib/gcc/nios2-elf/4.1.2\libgcc.a(_usi_to_df.o)
                0x000107d0                __floatunsidf
 .text          0x00010964      0x14c c:/altera/13.0/nios2eds/bin/gnu/h-i686-mingw32/bin/../lib/gcc/nios2-elf/4.1.2\libgcc.a(lib2-divmod.o)
                0x000109e0                __divsi3
                0x00010a40                __modsi3
                0x00010aa0                __udivsi3
                0x00010aa8                __umodsi3
 .text          0x00010ab0      0x15c ../test_freetos_bsp/\libhal_bsp.a(alt_close.o)
                0x00010ab0                close
 .text          0x00010c0c       0x2c ../test_freetos_bsp/\libhal_bsp.a(alt_dev.o)
 .text          0x00010c38        0x0 ../test_freetos_bsp/\libhal_bsp.a(alt_errno.o)
 .text          0x00010c38      0x134 ../test_freetos_bsp/\libhal_bsp.a(alt_fstat.o)
                0x00010c38                fstat
 .text          0x00010d6c        0x0 ../test_freetos_bsp/\libhal_bsp.a(alt_irq_handler.o)
 .text          0x00010d6c        0x0 ../test_freetos_bsp/\libhal_bsp.a(alt_irq_vars.o)
 .text          0x00010d6c      0x120 ../test_freetos_bsp/\libhal_bsp.a(alt_isatty.o)
                0x00010d6c                isatty
 .text          0x00010e8c      0x150 ../test_freetos_bsp/\libhal_bsp.a(alt_lseek.o)
                0x00010e8c                lseek
 .text          0x00010fdc       0x6c ../test_freetos_bsp/\libhal_bsp.a(alt_main.o)
                0x00010fdc                alt_main
 .text          0x00011048       0x40 ../test_freetos_bsp/\libhal_bsp.a(alt_malloc_lock.o)
                0x00011048                __malloc_lock
                0x00011068                __malloc_unlock
 .text          0x00011088      0x180 ../test_freetos_bsp/\libhal_bsp.a(alt_read.o)
                0x00011088                read
 .text          0x00011208       0x60 ../test_freetos_bsp/\libhal_bsp.a(alt_release_fd.o)
                0x00011208                alt_release_fd
 .text          0x00011268       0xbc ../test_freetos_bsp/\libhal_bsp.a(alt_sbrk.o)
                0x00011268                sbrk
 .text          0x00011324      0x180 ../test_freetos_bsp/\libhal_bsp.a(alt_write.o)
                0x00011324                write
 .text          0x000114a4      0x3d8 ../test_freetos_bsp/\libhal_bsp.a(alt_sys_init.o)
                0x000114a4                alt_irq_init
                0x000114d8                alt_sys_init
 .text          0x0001187c      0x8d8 ../test_freetos_bsp/\libhal_bsp.a(altera_avalon_cfi_flash.o)
                0x0001187c                alt_flash_cfi_init
                0x00011950                alt_flash_cfi_write
                0x00011c10                alt_flash_cfi_get_info
                0x00011ca0                alt_flash_cfi_read
                0x00011d08                alt_write_value_to_flash
                0x00011e6c                alt_flash_program_block
 .text          0x00012154     0x14a8 ../test_freetos_bsp/\libhal_bsp.a(altera_avalon_cfi_flash_table.o)
                0x00012154                alt_read_query_entry_8bit
                0x00012194                alt_read_query_entry_16bit
                0x000121d8                alt_read_query_entry_32bit
                0x00012220                alt_write_flash_command_8bit_device_8bit_mode
                0x0001225c                alt_write_flash_command_16bit_device_8bit_mode
                0x000122d8                alt_write_flash_command_32bit_device_8bit_mode
                0x00012320                alt_write_flash_command_16bit_device_16bit_mode
                0x00012364                alt_write_flash_command_32bit_device_16bit_mode
                0x000123ac                alt_write_flash_command_32bit_device_32bit_mode
                0x000123f4                alt_write_native_8bit
                0x00012428                alt_write_native_16bit
                0x0001245c                alt_write_native_32bit
                0x0001248c                alt_set_flash_width_func
                0x0001266c                alt_set_flash_algorithm_func
                0x00012794                alt_read_cfi_table
                0x00012d74                alt_read_cfi_width
                0x00013520                alt_check_primary_table
 .text          0x000135fc      0x148 ../test_freetos_bsp/\libhal_bsp.a(altera_avalon_jtag_uart_fd.o)
                0x000135fc                altera_avalon_jtag_uart_read_fd
                0x00013654                altera_avalon_jtag_uart_write_fd
                0x000136ac                altera_avalon_jtag_uart_close_fd
                0x000136f4                altera_avalon_jtag_uart_ioctl_fd
 .text          0x00013744      0x408 ../test_freetos_bsp/\libhal_bsp.a(altera_avalon_jtag_uart_init.o)
                0x00013744                altera_avalon_jtag_uart_init
                0x00013ad8                altera_avalon_jtag_uart_close
 .text          0x00013b4c       0xf4 ../test_freetos_bsp/\libhal_bsp.a(altera_avalon_jtag_uart_ioctl.o)
                0x00013b4c                altera_avalon_jtag_uart_ioctl
 .text          0x00013c40      0x224 ../test_freetos_bsp/\libhal_bsp.a(altera_avalon_jtag_uart_read.o)
                0x00013c40                altera_avalon_jtag_uart_read
 .text          0x00013e64      0x240 ../test_freetos_bsp/\libhal_bsp.a(altera_avalon_jtag_uart_write.o)
                0x00013e64                altera_avalon_jtag_uart_write
 .text          0x000140a4      0xee0 ../test_freetos_bsp/\libhal_bsp.a(altera_avalon_lcd_16207.o)
                0x00014878                altera_avalon_lcd_16207_write
                0x00014e48                altera_avalon_lcd_16207_init
 .text          0x00014f84       0x58 ../test_freetos_bsp/\libhal_bsp.a(altera_avalon_lcd_16207_fd.o)
                0x00014f84                altera_avalon_lcd_16207_write_fd
 .text          0x00014fdc       0xfc ../test_freetos_bsp/\libhal_bsp.a(altera_avalon_timer_sc.o)
                0x00015050                alt_avalon_timer_sc_init
 .text          0x000150d8       0xf8 ../test_freetos_bsp/\libhal_bsp.a(altera_avalon_uart_fd.o)
                0x000150d8                altera_avalon_uart_read_fd
                0x00015130                altera_avalon_uart_write_fd
                0x00015188                altera_avalon_uart_close_fd
 .text          0x000151d0      0x3fc ../test_freetos_bsp/\libhal_bsp.a(altera_avalon_uart_init.o)
                0x000151d0                altera_avalon_uart_init
                0x0001556c                altera_avalon_uart_close
 .text          0x000155cc      0x290 ../test_freetos_bsp/\libhal_bsp.a(altera_avalon_uart_read.o)
                0x000155cc                altera_avalon_uart_read
 .text          0x0001585c      0x228 ../test_freetos_bsp/\libhal_bsp.a(altera_avalon_uart_write.o)
                0x0001585c                altera_avalon_uart_write
 .text          0x00015a84      0x700 ../test_freetos_bsp/\libhal_bsp.a(altera_up_avalon_ps2.o)
                0x00015a84                read_RI_bit
                0x00015ab8                read_RE_bit
                0x00015ae8                read_CE_bit
                0x00015b1c                read_num_bytes_available
                0x00015b50                read_data_valid
                0x00015b84                read_data_byte
                0x00015bb0                alt_up_ps2_init
                0x00015c7c                alt_up_ps2_enable_read_interrupt
                0x00015cd0                alt_up_ps2_disable_read_interrupt
                0x00015d28                alt_up_ps2_write_data_byte
                0x00015da0                alt_up_ps2_wait_for_ack
                0x00015e10                alt_up_ps2_write_data_byte_with_ack
                0x00015e7c                alt_up_ps2_read_data_byte_timeout
                0x00015f2c                alt_up_ps2_read_data_byte
                0x00015fa8                alt_up_ps2_clear_fifo
                0x00016000                alt_up_ps2_read_fd
                0x0001609c                alt_up_ps2_write_fd
                0x00016144                alt_up_ps2_open_dev
 .text          0x00016184      0x304 ../test_freetos_bsp/\libhal_bsp.a(altera_up_avalon_video_character_buffer_with_dma.o)
                0x00016184                alt_up_char_buffer_init
                0x00016208                alt_up_char_buffer_open_dev
                0x00016248                alt_up_char_buffer_draw
                0x00016318                alt_up_char_buffer_string
                0x0001642c                alt_up_char_buffer_clear
 .text          0x00016488     0x156c ../test_freetos_bsp/\libhal_bsp.a(altera_up_avalon_video_pixel_buffer_dma.o)
                0x00016488                alt_up_pixel_buffer_dma_open_dev
                0x000164c8                alt_up_pixel_buffer_dma_draw
                0x00016668                alt_up_pixel_buffer_dma_change_back_buffer_address
                0x000166c0                alt_up_pixel_buffer_dma_swap_buffers
                0x00016718                alt_up_pixel_buffer_dma_check_swap_buffers_status
                0x0001674c                alt_up_pixel_buffer_dma_clear_screen
                0x000168b0                alt_up_pixel_buffer_dma_draw_box
                0x00016da4                alt_up_pixel_buffer_dma_draw_hline
                0x000170f4                alt_up_pixel_buffer_dma_draw_vline
                0x000174c4                alt_up_pixel_buffer_dma_draw_rectangle
                0x00017588                helper_plot_pixel
                0x00017658                alt_up_pixel_buffer_dma_draw_line
 .text          0x000179f4      0x5e0 ../test_freetos_bsp/\libhal_bsp.a(altera_up_ps2_keyboard.o)
                0x000179f4                get_multi_byte_make_code_index
                0x00017a6c                get_single_byte_make_code_index
                0x00017ae4                get_next_state
                0x00017d40                decode_scancode
                0x00017dec                set_keyboard_rate
                0x00017e4c                translate_make_code
                0x00017f54                reset_keyboard
 .text          0x00017fd4      0x154 ../test_freetos_bsp/\libhal_bsp.a(alt_alarm_start.o)
                0x00017fd4                alt_alarm_start
 .text          0x00018128       0x78 ../test_freetos_bsp/\libhal_bsp.a(alt_dcache_flush.o)
                0x00018128                alt_dcache_flush
 .text          0x000181a0      0x114 ../test_freetos_bsp/\libhal_bsp.a(alt_dev_llist_insert.o)
                0x000181a0                alt_dev_llist_insert
 .text          0x000182b4       0x64 ../test_freetos_bsp/\libhal_bsp.a(alt_do_ctors.o)
                0x000182b4                _do_ctors
 .text          0x00018318       0x64 ../test_freetos_bsp/\libhal_bsp.a(alt_do_dtors.o)
                0x00018318                _do_dtors
 .text          0x0001837c       0x94 ../test_freetos_bsp/\libhal_bsp.a(alt_find_dev.o)
                0x0001837c                alt_find_dev
 .text          0x00018410       0xd0 ../test_freetos_bsp/\libhal_bsp.a(alt_flash_dev.o)
                0x00018410                alt_flash_open_dev
                0x0001848c                alt_flash_close_dev
 .text          0x000184e0      0x13c ../test_freetos_bsp/\libhal_bsp.a(alt_io_redirect.o)
                0x000185a4                alt_io_redirect
 .text          0x0001861c      0x2c4 ../test_freetos_bsp/\libhal_bsp.a(alt_open.o)
                0x000186f8                open
 .text          0x000188e0      0x1a4 ../test_freetos_bsp/\libhal_bsp.a(alt_tick.o)
                0x000188e0                alt_alarm_stop
                0x00018978                alt_tick
 .text          0x00018a84       0x30 ../test_freetos_bsp/\libhal_bsp.a(alt_usleep.o)
                0x00018a84                usleep
 .text          0x00018ab4       0x20 ../test_freetos_bsp/\libhal_bsp.a(altera_nios2_qsys_irq.o)
                0x00018ab4                altera_nios2_qsys_irq_init
 .text          0x00018ad4      0x460 ../test_freetos_bsp/\libhal_bsp.a(altera_avalon_cfi_flash_amd.o)
                0x00018ad4                alt_program_amd
                0x00018b3c                alt_erase_block_amd
 .text          0x00018f34      0x460 ../test_freetos_bsp/\libhal_bsp.a(altera_avalon_cfi_flash_intel.o)
                0x00018f34                alt_program_intel
                0x00018fb8                alt_erase_block_intel
 .text          0x00019394      0x12c ../test_freetos_bsp/\libhal_bsp.a(alt_busy_sleep.o)
                0x00019394                alt_busy_sleep
 .text          0x000194c0      0x120 ../test_freetos_bsp/\libhal_bsp.a(alt_find_file.o)
                0x000194c0                alt_find_file
 .text          0x000195e0       0xb8 ../test_freetos_bsp/\libhal_bsp.a(alt_get_fd.o)
                0x000195e0                alt_get_fd
 .text          0x00019698       0x14 c:/altera/13.0/nios2eds/bin/gnu/h-i686-mingw32/bin/../lib/gcc/nios2-elf/4.1.2/../../../../nios2-elf/lib\libc.a(lib_a-atexit.o)
                0x00019698                atexit
 .text          0x000196ac        0x0 c:/altera/13.0/nios2eds/bin/gnu/h-i686-mingw32/bin/../lib/gcc/nios2-elf/4.1.2/../../../../nios2-elf/lib\libc.a(lib_a-ctype_.o)
 .text          0x000196ac       0x38 c:/altera/13.0/nios2eds/bin/gnu/h-i686-mingw32/bin/../lib/gcc/nios2-elf/4.1.2/../../../../nios2-elf/lib\libc.a(lib_a-exit.o)
                0x000196ac                exit
 .text          0x000196e4       0x8c c:/altera/13.0/nios2eds/bin/gnu/h-i686-mingw32/bin/../lib/gcc/nios2-elf/4.1.2/../../../../nios2-elf/lib\libc.a(lib_a-strcpy.o)
                0x000196e4                strcpy
 .text          0x00019770      0x134 c:/altera/13.0/nios2eds/bin/gnu/h-i686-mingw32/bin/../lib/gcc/nios2-elf/4.1.2/../../../../nios2-elf/lib\libc.a(lib_a-__atexit.o)
                0x00019770                __register_exitproc
 .text          0x000198a4      0x1b4 c:/altera/13.0/nios2eds/bin/gnu/h-i686-mingw32/bin/../lib/gcc/nios2-elf/4.1.2/../../../../nios2-elf/lib\libc.a(lib_a-__call_atexit.o)
                0x000198a8                __call_exitprocs
 .text          0x00019a58       0x60 ../test_freetos_bsp/\libhal_bsp.a(alt_exit.o)
                0x00019a98                _exit
 *(.gnu.warning.*)
 *(.fini)
                0x00019ab8                PROVIDE (__etext, ABSOLUTE (.))
                0x00019ab8                PROVIDE (_etext, ABSOLUTE (.))
                0x00019ab8                PROVIDE (etext, ABSOLUTE (.))
 *(.eh_frame_hdr)
                0x00019ab8                . = ALIGN (0x4)
                0x00019ab8                PROVIDE (__preinit_array_start, ABSOLUTE (.))
 *(.preinit_array)
                0x00019ab8                PROVIDE (__preinit_array_end, ABSOLUTE (.))
                0x00019ab8                PROVIDE (__init_array_start, ABSOLUTE (.))
 *(.init_array)
                0x00019ab8                PROVIDE (__init_array_end, ABSOLUTE (.))
                0x00019ab8                PROVIDE (__fini_array_start, ABSOLUTE (.))
 *(.fini_array)
                0x00019ab8                PROVIDE (__fini_array_end, ABSOLUTE (.))
 *(.eh_frame)
 *(.gcc_except_table)
 *(.dynamic)
                0x00019ab8                PROVIDE (__CTOR_LIST__, ABSOLUTE (.))
 *(.ctors)
 *(SORT(.ctors.*))
 .ctors.65535   0x00019ab8        0x4 c:/altera/13.0/nios2eds/bin/gnu/h-i686-mingw32/bin/../lib/gcc/nios2-elf/4.1.2/../../../../nios2-elf/lib\libc.a(lib_a-__call_atexit.o)
                0x00019abc                PROVIDE (__CTOR_END__, ABSOLUTE (.))
                0x00019abc                PROVIDE (__DTOR_LIST__, ABSOLUTE (.))
 *(.dtors)
 *(SORT(.dtors.*))
                0x00019abc                PROVIDE (__DTOR_END__, ABSOLUTE (.))
 *(.jcr)
                0x00019abc                . = ALIGN (0x4)

.rodata         0x08000000      0xc68
                0x08000000                PROVIDE (__ram_rodata_start, ABSOLUTE (.))
                0x08000000                . = ALIGN (0x4)
 *(.rodata .rodata.* .gnu.linkonce.r.*)
 .rodata        0x08000000       0x34 obj/default/freertos/port.o
 .rodata        0x08000034       0x1c obj/default/freertos/tasks.o
 .rodata        0x08000050        0x8 obj/default/freertos/timers.o
 .rodata        0x08000058      0x358 obj/default/freertos_test.o
 .rodata        0x080003b0       0x14 c:/altera/13.0/nios2eds/bin/gnu/h-i686-mingw32/bin/../lib/gcc/nios2-elf/4.1.2\libgcc.a(_thenan_df.o)
                0x080003b0                __thenan_df
 .rodata        0x080003c4      0x100 c:/altera/13.0/nios2eds/bin/gnu/h-i686-mingw32/bin/../lib/gcc/nios2-elf/4.1.2\libgcc.a(_clz.o)
                0x080003c4                __clz_tab
 .rodata.str1.4
                0x080004c4        0x2 c:/altera/13.0/nios2eds/bin/gnu/h-i686-mingw32/bin/../lib/gcc/nios2-elf/4.1.2/../../../../nios2-elf/lib\libc.a(lib_a-puts.o)
                                  0x4 (size before relaxing)
 *fill*         0x080004c6        0x2 00
 .rodata.str1.4
                0x080004c8       0x5e c:/altera/13.0/nios2eds/bin/gnu/h-i686-mingw32/bin/../lib/gcc/nios2-elf/4.1.2/../../../../nios2-elf/lib\libc.a(lib_a-vfprintf.o)
                                 0x60 (size before relaxing)
 *fill*         0x08000526        0x2 00
 .rodata        0x08000528       0x20 c:/altera/13.0/nios2eds/bin/gnu/h-i686-mingw32/bin/../lib/gcc/nios2-elf/4.1.2/../../../../nios2-elf/lib\libc.a(lib_a-vfprintf.o)
 .rodata.str1.4
                0x08000548       0x10 c:/altera/13.0/nios2eds/bin/gnu/h-i686-mingw32/bin/../lib/gcc/nios2-elf/4.1.2/../../../../nios2-elf/lib\libc.a(lib_a-dtoa.o)
                                 0x14 (size before relaxing)
 .rodata.str1.4
                0x08000558        0x2 c:/altera/13.0/nios2eds/bin/gnu/h-i686-mingw32/bin/../lib/gcc/nios2-elf/4.1.2/../../../../nios2-elf/lib\libc.a(lib_a-impure.o)
                                  0x4 (size before relaxing)
 *fill*         0x0800055a        0x2 00
 .rodata.str1.4
                0x0800055c       0x10 c:/altera/13.0/nios2eds/bin/gnu/h-i686-mingw32/bin/../lib/gcc/nios2-elf/4.1.2/../../../../nios2-elf/lib\libc.a(lib_a-locale.o)
                                 0x18 (size before relaxing)
 .rodata        0x0800056c       0x30 c:/altera/13.0/nios2eds/bin/gnu/h-i686-mingw32/bin/../lib/gcc/nios2-elf/4.1.2/../../../../nios2-elf/lib\libc.a(lib_a-locale.o)
 .rodata        0x0800059c      0x124 c:/altera/13.0/nios2eds/bin/gnu/h-i686-mingw32/bin/../lib/gcc/nios2-elf/4.1.2/../../../../nios2-elf/lib\libc.a(lib_a-mprec.o)
                0x0800059c                __mprec_tens
                0x08000664                __mprec_bigtens
                0x0800068c                __mprec_tinytens
 .rodata        0x080006c0        0xc ../test_freetos_bsp/\libhal_bsp.a(alt_dev.o)
 .rodata        0x080006cc       0x10 ../test_freetos_bsp/\libhal_bsp.a(alt_main.o)
 .rodata        0x080006dc       0xb0 ../test_freetos_bsp/\libhal_bsp.a(alt_sys_init.o)
 .rodata        0x0800078c       0x1c ../test_freetos_bsp/\libhal_bsp.a(altera_up_avalon_video_character_buffer_with_dma.o)
 .rodata        0x080007a8      0x23c ../test_freetos_bsp/\libhal_bsp.a(altera_up_ps2_keyboard.o)
 .rodata        0x080009e4      0x284 c:/altera/13.0/nios2eds/bin/gnu/h-i686-mingw32/bin/../lib/gcc/nios2-elf/4.1.2/../../../../nios2-elf/lib\libc.a(lib_a-ctype_.o)
                0x080009e4                _ctype_
 *(.rodata1)
                0x08000c68                . = ALIGN (0x4)
                0x08000c68                PROVIDE (__ram_rodata_end, ABSOLUTE (.))
                0x08000000                PROVIDE (__flash_rodata_start, LOADADDR (.rodata))

.rwdata         0x08000c68     0x210c
                0x08000c68                PROVIDE (__ram_rwdata_start, ABSOLUTE (.))
                0x08000c68                . = ALIGN (0x4)
 *(.got.plt)
 *(.got)
 *(.data1)
 *(.data .data.* .gnu.linkonce.d.*)
 .data          0x08000c68        0x0 ../test_freetos_bsp//obj/HAL/src/crt0.o
 .data          0x08000c68        0x0 obj/default/freertos/croutine.o
 .data          0x08000c68        0x0 obj/default/freertos/event_groups.o
 .data          0x08000c68        0x0 obj/default/freertos/heap.o
 .data          0x08000c68        0x0 obj/default/freertos/list.o
 .data          0x08000c68        0x0 obj/default/freertos/port.o
 .data          0x08000c68        0x0 obj/default/freertos/queue.o
 .data          0x08000c68        0x0 obj/default/freertos/tasks.o
 .data          0x08000c68        0x0 obj/default/freertos/timers.o
 .data          0x08000c68       0x14 obj/default/freertos_test.o
 .data          0x08000c7c        0x0 obj/default/freertos/port_asm.o
 .data          0x08000c7c        0x0 c:/altera/13.0/nios2eds/bin/gnu/h-i686-mingw32/bin/../lib/gcc/nios2-elf/4.1.2\libgcc.a(_addsub_df.o)
 .data          0x08000c7c        0x0 c:/altera/13.0/nios2eds/bin/gnu/h-i686-mingw32/bin/../lib/gcc/nios2-elf/4.1.2\libgcc.a(_mul_df.o)
 .data          0x08000c7c        0x0 c:/altera/13.0/nios2eds/bin/gnu/h-i686-mingw32/bin/../lib/gcc/nios2-elf/4.1.2\libgcc.a(_div_df.o)
 .data          0x08000c7c        0x0 c:/altera/13.0/nios2eds/bin/gnu/h-i686-mingw32/bin/../lib/gcc/nios2-elf/4.1.2\libgcc.a(_eq_df.o)
 .data          0x08000c7c        0x0 c:/altera/13.0/nios2eds/bin/gnu/h-i686-mingw32/bin/../lib/gcc/nios2-elf/4.1.2\libgcc.a(_gt_df.o)
 .data          0x08000c7c        0x0 c:/altera/13.0/nios2eds/bin/gnu/h-i686-mingw32/bin/../lib/gcc/nios2-elf/4.1.2\libgcc.a(_lt_df.o)
 .data          0x08000c7c        0x0 c:/altera/13.0/nios2eds/bin/gnu/h-i686-mingw32/bin/../lib/gcc/nios2-elf/4.1.2\libgcc.a(_si_to_df.o)
 .data          0x08000c7c        0x0 c:/altera/13.0/nios2eds/bin/gnu/h-i686-mingw32/bin/../lib/gcc/nios2-elf/4.1.2\libgcc.a(_df_to_si.o)
 .data          0x08000c7c        0x0 c:/altera/13.0/nios2eds/bin/gnu/h-i686-mingw32/bin/../lib/gcc/nios2-elf/4.1.2\libgcc.a(_thenan_df.o)
 .data          0x08000c7c        0x0 c:/altera/13.0/nios2eds/bin/gnu/h-i686-mingw32/bin/../lib/gcc/nios2-elf/4.1.2\libgcc.a(_muldi3.o)
 .data          0x08000c7c        0x0 c:/altera/13.0/nios2eds/bin/gnu/h-i686-mingw32/bin/../lib/gcc/nios2-elf/4.1.2\libgcc.a(_clzsi2.o)
 .data          0x08000c7c        0x0 c:/altera/13.0/nios2eds/bin/gnu/h-i686-mingw32/bin/../lib/gcc/nios2-elf/4.1.2\libgcc.a(_pack_df.o)
 .data          0x08000c7c        0x0 c:/altera/13.0/nios2eds/bin/gnu/h-i686-mingw32/bin/../lib/gcc/nios2-elf/4.1.2\libgcc.a(_unpack_df.o)
 .data          0x08000c7c        0x0 c:/altera/13.0/nios2eds/bin/gnu/h-i686-mingw32/bin/../lib/gcc/nios2-elf/4.1.2\libgcc.a(_fpcmp_parts_df.o)
 .data          0x08000c7c        0x0 c:/altera/13.0/nios2eds/bin/gnu/h-i686-mingw32/bin/../lib/gcc/nios2-elf/4.1.2\libgcc.a(_clz.o)
 .data          0x08000c7c        0x0 c:/altera/13.0/nios2eds/bin/gnu/h-i686-mingw32/bin/../lib/gcc/nios2-elf/4.1.2/../../../../nios2-elf/lib\libc.a(lib_a-memcmp.o)
 .data          0x08000c7c        0x0 c:/altera/13.0/nios2eds/bin/gnu/h-i686-mingw32/bin/../lib/gcc/nios2-elf/4.1.2/../../../../nios2-elf/lib\libc.a(lib_a-memcpy.o)
 .data          0x08000c7c        0x0 c:/altera/13.0/nios2eds/bin/gnu/h-i686-mingw32/bin/../lib/gcc/nios2-elf/4.1.2/../../../../nios2-elf/lib\libc.a(lib_a-memset.o)
 .data          0x08000c7c        0x0 c:/altera/13.0/nios2eds/bin/gnu/h-i686-mingw32/bin/../lib/gcc/nios2-elf/4.1.2/../../../../nios2-elf/lib\libc.a(lib_a-printf.o)
 .data          0x08000c7c        0x0 c:/altera/13.0/nios2eds/bin/gnu/h-i686-mingw32/bin/../lib/gcc/nios2-elf/4.1.2/../../../../nios2-elf/lib\libc.a(lib_a-puts.o)
 .data          0x08000c7c        0x0 c:/altera/13.0/nios2eds/bin/gnu/h-i686-mingw32/bin/../lib/gcc/nios2-elf/4.1.2/../../../../nios2-elf/lib\libc.a(lib_a-sprintf.o)
 .data          0x08000c7c        0x0 c:/altera/13.0/nios2eds/bin/gnu/h-i686-mingw32/bin/../lib/gcc/nios2-elf/4.1.2/../../../../nios2-elf/lib\libc.a(lib_a-strlen.o)
 .data          0x08000c7c        0x0 c:/altera/13.0/nios2eds/bin/gnu/h-i686-mingw32/bin/../lib/gcc/nios2-elf/4.1.2/../../../../nios2-elf/lib\libc.a(lib_a-vfprintf.o)
 .data          0x08000c7c        0x0 c:/altera/13.0/nios2eds/bin/gnu/h-i686-mingw32/bin/../lib/gcc/nios2-elf/4.1.2/../../../../nios2-elf/lib\libc.a(lib_a-wsetup.o)
 .data          0x08000c7c        0x0 c:/altera/13.0/nios2eds/bin/gnu/h-i686-mingw32/bin/../lib/gcc/nios2-elf/4.1.2/../../../../nios2-elf/lib\libc.a(lib_a-dtoa.o)
 .data          0x08000c7c        0x0 c:/altera/13.0/nios2eds/bin/gnu/h-i686-mingw32/bin/../lib/gcc/nios2-elf/4.1.2/../../../../nios2-elf/lib\libc.a(lib_a-fflush.o)
 .data          0x08000c7c        0x0 c:/altera/13.0/nios2eds/bin/gnu/h-i686-mingw32/bin/../lib/gcc/nios2-elf/4.1.2/../../../../nios2-elf/lib\libc.a(lib_a-findfp.o)
 .data          0x08000c7c        0x0 c:/altera/13.0/nios2eds/bin/gnu/h-i686-mingw32/bin/../lib/gcc/nios2-elf/4.1.2/../../../../nios2-elf/lib\libc.a(lib_a-freer.o)
 .data          0x08000c7c        0x0 c:/altera/13.0/nios2eds/bin/gnu/h-i686-mingw32/bin/../lib/gcc/nios2-elf/4.1.2/../../../../nios2-elf/lib\libc.a(lib_a-fvwrite.o)
 .data          0x08000c7c        0x0 c:/altera/13.0/nios2eds/bin/gnu/h-i686-mingw32/bin/../lib/gcc/nios2-elf/4.1.2/../../../../nios2-elf/lib\libc.a(lib_a-fwalk.o)
 .data          0x08000c7c      0x400 c:/altera/13.0/nios2eds/bin/gnu/h-i686-mingw32/bin/../lib/gcc/nios2-elf/4.1.2/../../../../nios2-elf/lib\libc.a(lib_a-impure.o)
 .data          0x0800107c        0xc c:/altera/13.0/nios2eds/bin/gnu/h-i686-mingw32/bin/../lib/gcc/nios2-elf/4.1.2/../../../../nios2-elf/lib\libc.a(lib_a-locale.o)
                0x0800107c                __lc_ctype
 .data          0x08001088        0x0 c:/altera/13.0/nios2eds/bin/gnu/h-i686-mingw32/bin/../lib/gcc/nios2-elf/4.1.2/../../../../nios2-elf/lib\libc.a(lib_a-makebuf.o)
 .data          0x08001088      0x408 c:/altera/13.0/nios2eds/bin/gnu/h-i686-mingw32/bin/../lib/gcc/nios2-elf/4.1.2/../../../../nios2-elf/lib\libc.a(lib_a-mallocr.o)
                0x08001088                __malloc_av_
 .data          0x08001490        0x0 c:/altera/13.0/nios2eds/bin/gnu/h-i686-mingw32/bin/../lib/gcc/nios2-elf/4.1.2/../../../../nios2-elf/lib\libc.a(lib_a-memchr.o)
 .data          0x08001490        0x0 c:/altera/13.0/nios2eds/bin/gnu/h-i686-mingw32/bin/../lib/gcc/nios2-elf/4.1.2/../../../../nios2-elf/lib\libc.a(lib_a-memmove.o)
 .data          0x08001490        0x0 c:/altera/13.0/nios2eds/bin/gnu/h-i686-mingw32/bin/../lib/gcc/nios2-elf/4.1.2/../../../../nios2-elf/lib\libc.a(lib_a-mprec.o)
 .data          0x08001490        0x0 c:/altera/13.0/nios2eds/bin/gnu/h-i686-mingw32/bin/../lib/gcc/nios2-elf/4.1.2/../../../../nios2-elf/lib\libc.a(lib_a-reallocr.o)
 .data          0x08001490        0x0 c:/altera/13.0/nios2eds/bin/gnu/h-i686-mingw32/bin/../lib/gcc/nios2-elf/4.1.2/../../../../nios2-elf/lib\libc.a(lib_a-s_isinfd.o)
 .data          0x08001490        0x0 c:/altera/13.0/nios2eds/bin/gnu/h-i686-mingw32/bin/../lib/gcc/nios2-elf/4.1.2/../../../../nios2-elf/lib\libc.a(lib_a-s_isnand.o)
 .data          0x08001490        0x0 c:/altera/13.0/nios2eds/bin/gnu/h-i686-mingw32/bin/../lib/gcc/nios2-elf/4.1.2/../../../../nios2-elf/lib\libc.a(lib_a-sbrkr.o)
 .data          0x08001490        0x0 c:/altera/13.0/nios2eds/bin/gnu/h-i686-mingw32/bin/../lib/gcc/nios2-elf/4.1.2/../../../../nios2-elf/lib\libc.a(lib_a-stdio.o)
 .data          0x08001490        0x0 c:/altera/13.0/nios2eds/bin/gnu/h-i686-mingw32/bin/../lib/gcc/nios2-elf/4.1.2/../../../../nios2-elf/lib\libc.a(lib_a-strcmp.o)
 .data          0x08001490        0x0 c:/altera/13.0/nios2eds/bin/gnu/h-i686-mingw32/bin/../lib/gcc/nios2-elf/4.1.2/../../../../nios2-elf/lib\libc.a(lib_a-writer.o)
 .data          0x08001490        0x0 c:/altera/13.0/nios2eds/bin/gnu/h-i686-mingw32/bin/../lib/gcc/nios2-elf/4.1.2/../../../../nios2-elf/lib\libc.a(lib_a-callocr.o)
 .data          0x08001490        0x0 c:/altera/13.0/nios2eds/bin/gnu/h-i686-mingw32/bin/../lib/gcc/nios2-elf/4.1.2/../../../../nios2-elf/lib\libc.a(lib_a-closer.o)
 .data          0x08001490        0x0 c:/altera/13.0/nios2eds/bin/gnu/h-i686-mingw32/bin/../lib/gcc/nios2-elf/4.1.2/../../../../nios2-elf/lib\libc.a(lib_a-fclose.o)
 .data          0x08001490        0x0 c:/altera/13.0/nios2eds/bin/gnu/h-i686-mingw32/bin/../lib/gcc/nios2-elf/4.1.2/../../../../nios2-elf/lib\libc.a(lib_a-fstatr.o)
 .data          0x08001490        0x0 c:/altera/13.0/nios2eds/bin/gnu/h-i686-mingw32/bin/../lib/gcc/nios2-elf/4.1.2/../../../../nios2-elf/lib\libc.a(lib_a-int_errno.o)
 .data          0x08001490        0x0 c:/altera/13.0/nios2eds/bin/gnu/h-i686-mingw32/bin/../lib/gcc/nios2-elf/4.1.2/../../../../nios2-elf/lib\libc.a(lib_a-isattyr.o)
 .data          0x08001490        0x0 c:/altera/13.0/nios2eds/bin/gnu/h-i686-mingw32/bin/../lib/gcc/nios2-elf/4.1.2/../../../../nios2-elf/lib\libc.a(lib_a-lseekr.o)
 .data          0x08001490        0x0 c:/altera/13.0/nios2eds/bin/gnu/h-i686-mingw32/bin/../lib/gcc/nios2-elf/4.1.2/../../../../nios2-elf/lib\libc.a(lib_a-readr.o)
 .data          0x08001490        0x0 c:/altera/13.0/nios2eds/bin/gnu/h-i686-mingw32/bin/../lib/gcc/nios2-elf/4.1.2\libgcc.a(_udivdi3.o)
 .data          0x08001490        0x0 c:/altera/13.0/nios2eds/bin/gnu/h-i686-mingw32/bin/../lib/gcc/nios2-elf/4.1.2\libgcc.a(_umoddi3.o)
 .data          0x08001490        0x0 c:/altera/13.0/nios2eds/bin/gnu/h-i686-mingw32/bin/../lib/gcc/nios2-elf/4.1.2\libgcc.a(_ne_df.o)
 .data          0x08001490        0x0 c:/altera/13.0/nios2eds/bin/gnu/h-i686-mingw32/bin/../lib/gcc/nios2-elf/4.1.2\libgcc.a(_ge_df.o)
 .data          0x08001490        0x0 c:/altera/13.0/nios2eds/bin/gnu/h-i686-mingw32/bin/../lib/gcc/nios2-elf/4.1.2\libgcc.a(_usi_to_df.o)
 .data          0x08001490        0x0 c:/altera/13.0/nios2eds/bin/gnu/h-i686-mingw32/bin/../lib/gcc/nios2-elf/4.1.2\libgcc.a(lib2-divmod.o)
 .data          0x08001490        0x0 ../test_freetos_bsp/\libhal_bsp.a(alt_close.o)
 .data          0x08001490      0x1a8 ../test_freetos_bsp/\libhal_bsp.a(alt_dev.o)
                0x08001490                alt_dev_null
                0x080014b8                alt_fd_list
 .data          0x08001638        0x0 ../test_freetos_bsp/\libhal_bsp.a(alt_errno.o)
 .data          0x08001638        0x0 ../test_freetos_bsp/\libhal_bsp.a(alt_fstat.o)
 .data          0x08001638        0x0 ../test_freetos_bsp/\libhal_bsp.a(alt_irq_handler.o)
 .data          0x08001638        0x0 ../test_freetos_bsp/\libhal_bsp.a(alt_irq_vars.o)
 .data          0x08001638        0x0 ../test_freetos_bsp/\libhal_bsp.a(alt_isatty.o)
 .data          0x08001638        0x0 ../test_freetos_bsp/\libhal_bsp.a(alt_lseek.o)
 .data          0x08001638        0x0 ../test_freetos_bsp/\libhal_bsp.a(alt_main.o)
 .data          0x08001638        0x0 ../test_freetos_bsp/\libhal_bsp.a(alt_malloc_lock.o)
 .data          0x08001638        0x0 ../test_freetos_bsp/\libhal_bsp.a(alt_read.o)
 .data          0x08001638        0x0 ../test_freetos_bsp/\libhal_bsp.a(alt_release_fd.o)
 .data          0x08001638        0x0 ../test_freetos_bsp/\libhal_bsp.a(alt_sbrk.o)
 .data          0x08001638        0x0 ../test_freetos_bsp/\libhal_bsp.a(alt_write.o)
 .data          0x08001638     0x13f0 ../test_freetos_bsp/\libhal_bsp.a(alt_sys_init.o)
 .data          0x08002a28        0x0 ../test_freetos_bsp/\libhal_bsp.a(altera_avalon_cfi_flash.o)
 .data          0x08002a28        0x0 ../test_freetos_bsp/\libhal_bsp.a(altera_avalon_cfi_flash_table.o)
 .data          0x08002a28        0x0 ../test_freetos_bsp/\libhal_bsp.a(altera_avalon_jtag_uart_fd.o)
 .data          0x08002a28        0x0 ../test_freetos_bsp/\libhal_bsp.a(altera_avalon_jtag_uart_init.o)
 .data          0x08002a28        0x0 ../test_freetos_bsp/\libhal_bsp.a(altera_avalon_jtag_uart_ioctl.o)
 .data          0x08002a28        0x0 ../test_freetos_bsp/\libhal_bsp.a(altera_avalon_jtag_uart_read.o)
 .data          0x08002a28        0x0 ../test_freetos_bsp/\libhal_bsp.a(altera_avalon_jtag_uart_write.o)
 .data          0x08002a28        0x0 ../test_freetos_bsp/\libhal_bsp.a(altera_avalon_lcd_16207.o)
 .data          0x08002a28        0x0 ../test_freetos_bsp/\libhal_bsp.a(altera_avalon_lcd_16207_fd.o)
 .data          0x08002a28        0x0 ../test_freetos_bsp/\libhal_bsp.a(altera_avalon_timer_sc.o)
 .data          0x08002a28        0x0 ../test_freetos_bsp/\libhal_bsp.a(altera_avalon_uart_fd.o)
 .data          0x08002a28        0x0 ../test_freetos_bsp/\libhal_bsp.a(altera_avalon_uart_init.o)
 .data          0x08002a28        0x0 ../test_freetos_bsp/\libhal_bsp.a(altera_avalon_uart_read.o)
 .data          0x08002a28        0x0 ../test_freetos_bsp/\libhal_bsp.a(altera_avalon_uart_write.o)
 .data          0x08002a28        0x0 ../test_freetos_bsp/\libhal_bsp.a(altera_up_avalon_ps2.o)
 .data          0x08002a28        0x0 ../test_freetos_bsp/\libhal_bsp.a(altera_up_avalon_video_character_buffer_with_dma.o)
 .data          0x08002a28        0x0 ../test_freetos_bsp/\libhal_bsp.a(altera_up_avalon_video_pixel_buffer_dma.o)
 .data          0x08002a28      0x2d0 ../test_freetos_bsp/\libhal_bsp.a(altera_up_ps2_keyboard.o)
                0x08002a28                key_table
                0x08002bc0                ascii_codes
                0x08002c28                single_byte_make_code
                0x08002c90                multi_byte_make_code
 .data          0x08002cf8        0x0 ../test_freetos_bsp/\libhal_bsp.a(alt_alarm_start.o)
 .data          0x08002cf8        0x0 ../test_freetos_bsp/\libhal_bsp.a(alt_dcache_flush.o)
 .data          0x08002cf8        0x0 ../test_freetos_bsp/\libhal_bsp.a(alt_dev_llist_insert.o)
 .data          0x08002cf8        0x0 ../test_freetos_bsp/\libhal_bsp.a(alt_do_ctors.o)
 .data          0x08002cf8        0x0 ../test_freetos_bsp/\libhal_bsp.a(alt_do_dtors.o)
 .data          0x08002cf8        0x0 ../test_freetos_bsp/\libhal_bsp.a(alt_find_dev.o)
 .data          0x08002cf8        0x0 ../test_freetos_bsp/\libhal_bsp.a(alt_flash_dev.o)
 .data          0x08002cf8        0x0 ../test_freetos_bsp/\libhal_bsp.a(alt_io_redirect.o)
 .data          0x08002cf8        0x0 ../test_freetos_bsp/\libhal_bsp.a(alt_open.o)
 .data          0x08002cf8        0x0 ../test_freetos_bsp/\libhal_bsp.a(alt_tick.o)
 .data          0x08002cf8        0x0 ../test_freetos_bsp/\libhal_bsp.a(alt_usleep.o)
 .data          0x08002cf8        0x0 ../test_freetos_bsp/\libhal_bsp.a(altera_nios2_qsys_irq.o)
 .data          0x08002cf8        0x0 ../test_freetos_bsp/\libhal_bsp.a(altera_avalon_cfi_flash_amd.o)
 .data          0x08002cf8        0x0 ../test_freetos_bsp/\libhal_bsp.a(altera_avalon_cfi_flash_intel.o)
 .data          0x08002cf8        0x0 ../test_freetos_bsp/\libhal_bsp.a(alt_busy_sleep.o)
 .data          0x08002cf8        0x0 ../test_freetos_bsp/\libhal_bsp.a(alt_find_file.o)
 .data          0x08002cf8        0x0 ../test_freetos_bsp/\libhal_bsp.a(alt_get_fd.o)
 .data          0x08002cf8        0x0 c:/altera/13.0/nios2eds/bin/gnu/h-i686-mingw32/bin/../lib/gcc/nios2-elf/4.1.2/../../../../nios2-elf/lib\libc.a(lib_a-atexit.o)
 .data          0x08002cf8        0x0 c:/altera/13.0/nios2eds/bin/gnu/h-i686-mingw32/bin/../lib/gcc/nios2-elf/4.1.2/../../../../nios2-elf/lib\libc.a(lib_a-ctype_.o)
 .data          0x08002cf8        0x0 c:/altera/13.0/nios2eds/bin/gnu/h-i686-mingw32/bin/../lib/gcc/nios2-elf/4.1.2/../../../../nios2-elf/lib\libc.a(lib_a-exit.o)
 .data          0x08002cf8        0x0 c:/altera/13.0/nios2eds/bin/gnu/h-i686-mingw32/bin/../lib/gcc/nios2-elf/4.1.2/../../../../nios2-elf/lib\libc.a(lib_a-strcpy.o)
 .data          0x08002cf8        0x0 c:/altera/13.0/nios2eds/bin/gnu/h-i686-mingw32/bin/../lib/gcc/nios2-elf/4.1.2/../../../../nios2-elf/lib\libc.a(lib_a-__atexit.o)
 .data          0x08002cf8        0x0 c:/altera/13.0/nios2eds/bin/gnu/h-i686-mingw32/bin/../lib/gcc/nios2-elf/4.1.2/../../../../nios2-elf/lib\libc.a(lib_a-__call_atexit.o)
 .data          0x08002cf8        0x0 ../test_freetos_bsp/\libhal_bsp.a(alt_exit.o)
                0x0800acf8                _gp = ABSOLUTE ((. + 0x8000))
                0x0800acf8                PROVIDE (gp, _gp)
 *(.rwdata .rwdata.*)
 *(.sdata .sdata.* .gnu.linkonce.s.*)
 .sdata         0x08002cf8        0xc obj/default/freertos/heap.o
 .sdata         0x08002d04        0x4 obj/default/freertos/tasks.o
 .sdata         0x08002d08       0x1c obj/default/freertos_test.o
                0x08002d08                timing
                0x08002d0c                minimum
                0x08002d18                operationState
                0x08002d1c                all_on
                0x08002d20                first_load_shed_flag
 .sdata         0x08002d24        0x8 c:/altera/13.0/nios2eds/bin/gnu/h-i686-mingw32/bin/../lib/gcc/nios2-elf/4.1.2/../../../../nios2-elf/lib\libc.a(lib_a-impure.o)
                0x08002d24                _impure_ptr
                0x08002d28                _global_impure_ptr
 .sdata         0x08002d2c        0x8 c:/altera/13.0/nios2eds/bin/gnu/h-i686-mingw32/bin/../lib/gcc/nios2-elf/4.1.2/../../../../nios2-elf/lib\libc.a(lib_a-locale.o)
                0x08002d2c                __mb_cur_max
 .sdata         0x08002d34        0x8 c:/altera/13.0/nios2eds/bin/gnu/h-i686-mingw32/bin/../lib/gcc/nios2-elf/4.1.2/../../../../nios2-elf/lib\libc.a(lib_a-mallocr.o)
                0x08002d34                __malloc_trim_threshold
                0x08002d38                __malloc_sbrk_base
 .sdata         0x08002d3c       0x14 ../test_freetos_bsp/\libhal_bsp.a(alt_dev.o)
                0x08002d3c                alt_fs_list
                0x08002d44                alt_dev_list
                0x08002d4c                alt_max_fd
 .sdata         0x08002d50        0x4 ../test_freetos_bsp/\libhal_bsp.a(alt_errno.o)
                0x08002d50                alt_errno
 .sdata         0x08002d54        0x4 ../test_freetos_bsp/\libhal_bsp.a(alt_irq_vars.o)
                0x08002d54                alt_priority_mask
 .sdata         0x08002d58        0x4 ../test_freetos_bsp/\libhal_bsp.a(alt_sbrk.o)
 .sdata         0x08002d5c        0x4 ../test_freetos_bsp/\libhal_bsp.a(altera_avalon_lcd_16207.o)
 .sdata         0x08002d60        0x8 ../test_freetos_bsp/\libhal_bsp.a(alt_flash_dev.o)
                0x08002d60                alt_flash_dev_list
 .sdata         0x08002d68        0x8 ../test_freetos_bsp/\libhal_bsp.a(alt_tick.o)
                0x08002d68                alt_alarm_list
 .sdata         0x08002d70        0x4 c:/altera/13.0/nios2eds/bin/gnu/h-i686-mingw32/bin/../lib/gcc/nios2-elf/4.1.2/../../../../nios2-elf/lib\libc.a(lib_a-ctype_.o)
                0x08002d70                __ctype_ptr
 *(.sdata2 .sdata2.* .gnu.linkonce.s2.*)
                0x08002d74                . = ALIGN (0x4)
                0x08002d74                _edata = ABSOLUTE (.)
                0x08002d74                PROVIDE (edata, ABSOLUTE (.))
                0x08002d74                PROVIDE (__ram_rwdata_end, ABSOLUTE (.))
                0x08000c68                PROVIDE (__flash_rwdata_start, LOADADDR (.rwdata))

.bss            0x08002d74    0x7dd5c
                0x08002d74                __bss_start = ABSOLUTE (.)
                0x08002d74                PROVIDE (__sbss_start, ABSOLUTE (.))
                0x08002d74                PROVIDE (___sbss_start, ABSOLUTE (.))
 *(.dynsbss)
 *(.sbss .sbss.* .gnu.linkonce.sb.*)
 .sbss          0x08002d74       0x1c obj/default/freertos/croutine.o
                0x08002d74                pxCurrentCoRoutine
 .sbss          0x08002d90        0xc obj/default/freertos/heap.o
 .sbss          0x08002d9c       0x34 obj/default/freertos/tasks.o
                0x08002d9c                pxCurrentTCB
 .sbss          0x08002dd0       0x10 obj/default/freertos/timers.o
 .sbss          0x08002de0       0x50 obj/default/freertos_test.o
                0x08002de0                timeout_500
                0x08002de4                allConnected
                0x08002de8                maximum
                0x08002df0                currentState
                0x08002df4                reactionStart
                0x08002df8                reactionTotal
                0x08002dfc                statCount
                0x08002e00                time500
                0x08002e04                totalTime
                0x08002e08                dummy_value
                0x08002e0c                button_value
                0x08002e10                switch_value
                0x08002e14                all_off
                0x08002e18                j
 .sbss          0x08002e30       0x98 obj/default/freertos_test.o
                0x08002e30                tick3
                0x08002e34                xHandle
                0x08002e38                greenLED_state
                0x08002e3c                frequency
                0x08002e44                greenLED4
                0x08002e48                systemStatusSemaphore
                0x08002e4c                timer200
                0x08002e50                average
                0x08002e58                stableSemaphore
                0x08002e5c                tick4
                0x08002e60                measurementSemaphore
                0x08002e64                greenLED2
                0x08002e68                shed
                0x08002e6c                stable
                0x08002e70                redLED1
                0x08002e74                switchSemaphore
                0x08002e78                PREVstable
                0x08002e7c                Timer_Reset
                0x08002e80                PRVGADraw
                0x08002e84                redLED0
                0x08002e88                allOnSemaphore
                0x08002e8c                loadStatusSemaphore
                0x08002e90                shedSemaphore
                0x08002e94                greenLED1
                0x08002e98                thresholdSemaphore
                0x08002e9c                timer500
                0x08002ea0                freq_relay_start
                0x08002ea4                freqRelaySemaphore
                0x08002ea8                greenLED0
                0x08002eac                timeout_200
                0x08002eb0                first_led
                0x08002eb4                redLED_state
                0x08002eb8                redLED2
                0x08002ebc                greenLED3
                0x08002ec0                redLED3
                0x08002ec4                redLED4
 .sbss          0x08002ec8        0xc c:/altera/13.0/nios2eds/bin/gnu/h-i686-mingw32/bin/../lib/gcc/nios2-elf/4.1.2/../../../../nios2-elf/lib\libc.a(lib_a-locale.o)
                0x08002ec8                __nlocale_changed
                0x08002ecc                __mlocale_changed
                0x08002ed0                _PathLocale
 .sbss          0x08002ed4        0xc c:/altera/13.0/nios2eds/bin/gnu/h-i686-mingw32/bin/../lib/gcc/nios2-elf/4.1.2/../../../../nios2-elf/lib\libc.a(lib_a-mallocr.o)
                0x08002ed4                __malloc_top_pad
                0x08002ed8                __malloc_max_sbrked_mem
                0x08002edc                __malloc_max_total_mem
 .sbss          0x08002ee0        0x4 c:/altera/13.0/nios2eds/bin/gnu/h-i686-mingw32/bin/../lib/gcc/nios2-elf/4.1.2/../../../../nios2-elf/lib\libc.a(lib_a-int_errno.o)
                0x08002ee0                errno
 .sbss          0x08002ee4        0x4 ../test_freetos_bsp/\libhal_bsp.a(alt_irq_vars.o)
                0x08002ee4                alt_irq_active
 .sbss          0x08002ee8        0xc ../test_freetos_bsp/\libhal_bsp.a(alt_main.o)
                0x08002ee8                alt_argc
                0x08002eec                alt_argv
                0x08002ef0                alt_envp
 .sbss          0x08002ef4        0x8 ../test_freetos_bsp/\libhal_bsp.a(alt_tick.o)
                0x08002ef4                _alt_tick_rate
                0x08002ef8                _alt_nticks
 *(.sbss2 .sbss2.* .gnu.linkonce.sb2.*)
 *(.scommon)
                0x08002efc                PROVIDE (__sbss_end, ABSOLUTE (.))
                0x08002efc                PROVIDE (___sbss_end, ABSOLUTE (.))
 *(.dynbss)
 *(.bss .bss.* .gnu.linkonce.b.*)
 .bss           0x08002efc        0x0 ../test_freetos_bsp//obj/HAL/src/crt0.o
 .bss           0x08002efc       0x64 obj/default/freertos/croutine.o
 .bss           0x08002f60        0x0 obj/default/freertos/event_groups.o
 .bss           0x08002f60    0x7d000 obj/default/freertos/heap.o
 .bss           0x0807ff60        0x0 obj/default/freertos/list.o
 .bss           0x0807ff60        0x0 obj/default/freertos/port.o
 .bss           0x0807ff60        0x0 obj/default/freertos/queue.o
 .bss           0x0807ff60      0x140 obj/default/freertos/tasks.o
 .bss           0x080800a0       0x28 obj/default/freertos/timers.o
 .bss           0x080800c8        0x0 obj/default/freertos_test.o
 .bss           0x080800c8        0x0 obj/default/freertos/port_asm.o
 .bss           0x080800c8        0x0 c:/altera/13.0/nios2eds/bin/gnu/h-i686-mingw32/bin/../lib/gcc/nios2-elf/4.1.2\libgcc.a(_addsub_df.o)
 .bss           0x080800c8        0x0 c:/altera/13.0/nios2eds/bin/gnu/h-i686-mingw32/bin/../lib/gcc/nios2-elf/4.1.2\libgcc.a(_mul_df.o)
 .bss           0x080800c8        0x0 c:/altera/13.0/nios2eds/bin/gnu/h-i686-mingw32/bin/../lib/gcc/nios2-elf/4.1.2\libgcc.a(_div_df.o)
 .bss           0x080800c8        0x0 c:/altera/13.0/nios2eds/bin/gnu/h-i686-mingw32/bin/../lib/gcc/nios2-elf/4.1.2\libgcc.a(_eq_df.o)
 .bss           0x080800c8        0x0 c:/altera/13.0/nios2eds/bin/gnu/h-i686-mingw32/bin/../lib/gcc/nios2-elf/4.1.2\libgcc.a(_gt_df.o)
 .bss           0x080800c8        0x0 c:/altera/13.0/nios2eds/bin/gnu/h-i686-mingw32/bin/../lib/gcc/nios2-elf/4.1.2\libgcc.a(_lt_df.o)
 .bss           0x080800c8        0x0 c:/altera/13.0/nios2eds/bin/gnu/h-i686-mingw32/bin/../lib/gcc/nios2-elf/4.1.2\libgcc.a(_si_to_df.o)
 .bss           0x080800c8        0x0 c:/altera/13.0/nios2eds/bin/gnu/h-i686-mingw32/bin/../lib/gcc/nios2-elf/4.1.2\libgcc.a(_df_to_si.o)
 .bss           0x080800c8        0x0 c:/altera/13.0/nios2eds/bin/gnu/h-i686-mingw32/bin/../lib/gcc/nios2-elf/4.1.2\libgcc.a(_thenan_df.o)
 .bss           0x080800c8        0x0 c:/altera/13.0/nios2eds/bin/gnu/h-i686-mingw32/bin/../lib/gcc/nios2-elf/4.1.2\libgcc.a(_muldi3.o)
 .bss           0x080800c8        0x0 c:/altera/13.0/nios2eds/bin/gnu/h-i686-mingw32/bin/../lib/gcc/nios2-elf/4.1.2\libgcc.a(_clzsi2.o)
 .bss           0x080800c8        0x0 c:/altera/13.0/nios2eds/bin/gnu/h-i686-mingw32/bin/../lib/gcc/nios2-elf/4.1.2\libgcc.a(_pack_df.o)
 .bss           0x080800c8        0x0 c:/altera/13.0/nios2eds/bin/gnu/h-i686-mingw32/bin/../lib/gcc/nios2-elf/4.1.2\libgcc.a(_unpack_df.o)
 .bss           0x080800c8        0x0 c:/altera/13.0/nios2eds/bin/gnu/h-i686-mingw32/bin/../lib/gcc/nios2-elf/4.1.2\libgcc.a(_fpcmp_parts_df.o)
 .bss           0x080800c8        0x0 c:/altera/13.0/nios2eds/bin/gnu/h-i686-mingw32/bin/../lib/gcc/nios2-elf/4.1.2\libgcc.a(_clz.o)
 .bss           0x080800c8        0x0 c:/altera/13.0/nios2eds/bin/gnu/h-i686-mingw32/bin/../lib/gcc/nios2-elf/4.1.2/../../../../nios2-elf/lib\libc.a(lib_a-memcmp.o)
 .bss           0x080800c8        0x0 c:/altera/13.0/nios2eds/bin/gnu/h-i686-mingw32/bin/../lib/gcc/nios2-elf/4.1.2/../../../../nios2-elf/lib\libc.a(lib_a-memcpy.o)
 .bss           0x080800c8        0x0 c:/altera/13.0/nios2eds/bin/gnu/h-i686-mingw32/bin/../lib/gcc/nios2-elf/4.1.2/../../../../nios2-elf/lib\libc.a(lib_a-memset.o)
 .bss           0x080800c8        0x0 c:/altera/13.0/nios2eds/bin/gnu/h-i686-mingw32/bin/../lib/gcc/nios2-elf/4.1.2/../../../../nios2-elf/lib\libc.a(lib_a-printf.o)
 .bss           0x080800c8        0x0 c:/altera/13.0/nios2eds/bin/gnu/h-i686-mingw32/bin/../lib/gcc/nios2-elf/4.1.2/../../../../nios2-elf/lib\libc.a(lib_a-puts.o)
 .bss           0x080800c8        0x0 c:/altera/13.0/nios2eds/bin/gnu/h-i686-mingw32/bin/../lib/gcc/nios2-elf/4.1.2/../../../../nios2-elf/lib\libc.a(lib_a-sprintf.o)
 .bss           0x080800c8        0x0 c:/altera/13.0/nios2eds/bin/gnu/h-i686-mingw32/bin/../lib/gcc/nios2-elf/4.1.2/../../../../nios2-elf/lib\libc.a(lib_a-strlen.o)
 .bss           0x080800c8        0x0 c:/altera/13.0/nios2eds/bin/gnu/h-i686-mingw32/bin/../lib/gcc/nios2-elf/4.1.2/../../../../nios2-elf/lib\libc.a(lib_a-vfprintf.o)
 .bss           0x080800c8        0x0 c:/altera/13.0/nios2eds/bin/gnu/h-i686-mingw32/bin/../lib/gcc/nios2-elf/4.1.2/../../../../nios2-elf/lib\libc.a(lib_a-wsetup.o)
 .bss           0x080800c8        0x0 c:/altera/13.0/nios2eds/bin/gnu/h-i686-mingw32/bin/../lib/gcc/nios2-elf/4.1.2/../../../../nios2-elf/lib\libc.a(lib_a-dtoa.o)
 .bss           0x080800c8        0x0 c:/altera/13.0/nios2eds/bin/gnu/h-i686-mingw32/bin/../lib/gcc/nios2-elf/4.1.2/../../../../nios2-elf/lib\libc.a(lib_a-fflush.o)
 .bss           0x080800c8        0x0 c:/altera/13.0/nios2eds/bin/gnu/h-i686-mingw32/bin/../lib/gcc/nios2-elf/4.1.2/../../../../nios2-elf/lib\libc.a(lib_a-findfp.o)
 .bss           0x080800c8        0x0 c:/altera/13.0/nios2eds/bin/gnu/h-i686-mingw32/bin/../lib/gcc/nios2-elf/4.1.2/../../../../nios2-elf/lib\libc.a(lib_a-freer.o)
 .bss           0x080800c8        0x0 c:/altera/13.0/nios2eds/bin/gnu/h-i686-mingw32/bin/../lib/gcc/nios2-elf/4.1.2/../../../../nios2-elf/lib\libc.a(lib_a-fvwrite.o)
 .bss           0x080800c8        0x0 c:/altera/13.0/nios2eds/bin/gnu/h-i686-mingw32/bin/../lib/gcc/nios2-elf/4.1.2/../../../../nios2-elf/lib\libc.a(lib_a-fwalk.o)
 .bss           0x080800c8        0x0 c:/altera/13.0/nios2eds/bin/gnu/h-i686-mingw32/bin/../lib/gcc/nios2-elf/4.1.2/../../../../nios2-elf/lib\libc.a(lib_a-impure.o)
 .bss           0x080800c8        0x0 c:/altera/13.0/nios2eds/bin/gnu/h-i686-mingw32/bin/../lib/gcc/nios2-elf/4.1.2/../../../../nios2-elf/lib\libc.a(lib_a-locale.o)
 .bss           0x080800c8        0x0 c:/altera/13.0/nios2eds/bin/gnu/h-i686-mingw32/bin/../lib/gcc/nios2-elf/4.1.2/../../../../nios2-elf/lib\libc.a(lib_a-makebuf.o)
 .bss           0x080800c8       0x28 c:/altera/13.0/nios2eds/bin/gnu/h-i686-mingw32/bin/../lib/gcc/nios2-elf/4.1.2/../../../../nios2-elf/lib\libc.a(lib_a-mallocr.o)
                0x080800c8                __malloc_current_mallinfo
 .bss           0x080800f0        0x0 c:/altera/13.0/nios2eds/bin/gnu/h-i686-mingw32/bin/../lib/gcc/nios2-elf/4.1.2/../../../../nios2-elf/lib\libc.a(lib_a-memchr.o)
 .bss           0x080800f0        0x0 c:/altera/13.0/nios2eds/bin/gnu/h-i686-mingw32/bin/../lib/gcc/nios2-elf/4.1.2/../../../../nios2-elf/lib\libc.a(lib_a-memmove.o)
 .bss           0x080800f0        0x0 c:/altera/13.0/nios2eds/bin/gnu/h-i686-mingw32/bin/../lib/gcc/nios2-elf/4.1.2/../../../../nios2-elf/lib\libc.a(lib_a-mprec.o)
 .bss           0x080800f0        0x0 c:/altera/13.0/nios2eds/bin/gnu/h-i686-mingw32/bin/../lib/gcc/nios2-elf/4.1.2/../../../../nios2-elf/lib\libc.a(lib_a-reallocr.o)
 .bss           0x080800f0        0x0 c:/altera/13.0/nios2eds/bin/gnu/h-i686-mingw32/bin/../lib/gcc/nios2-elf/4.1.2/../../../../nios2-elf/lib\libc.a(lib_a-s_isinfd.o)
 .bss           0x080800f0        0x0 c:/altera/13.0/nios2eds/bin/gnu/h-i686-mingw32/bin/../lib/gcc/nios2-elf/4.1.2/../../../../nios2-elf/lib\libc.a(lib_a-s_isnand.o)
 .bss           0x080800f0        0x0 c:/altera/13.0/nios2eds/bin/gnu/h-i686-mingw32/bin/../lib/gcc/nios2-elf/4.1.2/../../../../nios2-elf/lib\libc.a(lib_a-sbrkr.o)
 .bss           0x080800f0        0x0 c:/altera/13.0/nios2eds/bin/gnu/h-i686-mingw32/bin/../lib/gcc/nios2-elf/4.1.2/../../../../nios2-elf/lib\libc.a(lib_a-stdio.o)
 .bss           0x080800f0        0x0 c:/altera/13.0/nios2eds/bin/gnu/h-i686-mingw32/bin/../lib/gcc/nios2-elf/4.1.2/../../../../nios2-elf/lib\libc.a(lib_a-strcmp.o)
 .bss           0x080800f0        0x0 c:/altera/13.0/nios2eds/bin/gnu/h-i686-mingw32/bin/../lib/gcc/nios2-elf/4.1.2/../../../../nios2-elf/lib\libc.a(lib_a-writer.o)
 .bss           0x080800f0        0x0 c:/altera/13.0/nios2eds/bin/gnu/h-i686-mingw32/bin/../lib/gcc/nios2-elf/4.1.2/../../../../nios2-elf/lib\libc.a(lib_a-callocr.o)
 .bss           0x080800f0        0x0 c:/altera/13.0/nios2eds/bin/gnu/h-i686-mingw32/bin/../lib/gcc/nios2-elf/4.1.2/../../../../nios2-elf/lib\libc.a(lib_a-closer.o)
 .bss           0x080800f0        0x0 c:/altera/13.0/nios2eds/bin/gnu/h-i686-mingw32/bin/../lib/gcc/nios2-elf/4.1.2/../../../../nios2-elf/lib\libc.a(lib_a-fclose.o)
 .bss           0x080800f0        0x0 c:/altera/13.0/nios2eds/bin/gnu/h-i686-mingw32/bin/../lib/gcc/nios2-elf/4.1.2/../../../../nios2-elf/lib\libc.a(lib_a-fstatr.o)
 .bss           0x080800f0        0x0 c:/altera/13.0/nios2eds/bin/gnu/h-i686-mingw32/bin/../lib/gcc/nios2-elf/4.1.2/../../../../nios2-elf/lib\libc.a(lib_a-int_errno.o)
 .bss           0x080800f0        0x0 c:/altera/13.0/nios2eds/bin/gnu/h-i686-mingw32/bin/../lib/gcc/nios2-elf/4.1.2/../../../../nios2-elf/lib\libc.a(lib_a-isattyr.o)
 .bss           0x080800f0        0x0 c:/altera/13.0/nios2eds/bin/gnu/h-i686-mingw32/bin/../lib/gcc/nios2-elf/4.1.2/../../../../nios2-elf/lib\libc.a(lib_a-lseekr.o)
 .bss           0x080800f0        0x0 c:/altera/13.0/nios2eds/bin/gnu/h-i686-mingw32/bin/../lib/gcc/nios2-elf/4.1.2/../../../../nios2-elf/lib\libc.a(lib_a-readr.o)
 .bss           0x080800f0        0x0 c:/altera/13.0/nios2eds/bin/gnu/h-i686-mingw32/bin/../lib/gcc/nios2-elf/4.1.2\libgcc.a(_udivdi3.o)
 .bss           0x080800f0        0x0 c:/altera/13.0/nios2eds/bin/gnu/h-i686-mingw32/bin/../lib/gcc/nios2-elf/4.1.2\libgcc.a(_umoddi3.o)
 .bss           0x080800f0        0x0 c:/altera/13.0/nios2eds/bin/gnu/h-i686-mingw32/bin/../lib/gcc/nios2-elf/4.1.2\libgcc.a(_ne_df.o)
 .bss           0x080800f0        0x0 c:/altera/13.0/nios2eds/bin/gnu/h-i686-mingw32/bin/../lib/gcc/nios2-elf/4.1.2\libgcc.a(_ge_df.o)
 .bss           0x080800f0        0x0 c:/altera/13.0/nios2eds/bin/gnu/h-i686-mingw32/bin/../lib/gcc/nios2-elf/4.1.2\libgcc.a(_usi_to_df.o)
 .bss           0x080800f0        0x0 c:/altera/13.0/nios2eds/bin/gnu/h-i686-mingw32/bin/../lib/gcc/nios2-elf/4.1.2\libgcc.a(lib2-divmod.o)
 .bss           0x080800f0        0x0 ../test_freetos_bsp/\libhal_bsp.a(alt_close.o)
 .bss           0x080800f0        0x0 ../test_freetos_bsp/\libhal_bsp.a(alt_dev.o)
 .bss           0x080800f0        0x0 ../test_freetos_bsp/\libhal_bsp.a(alt_errno.o)
 .bss           0x080800f0        0x0 ../test_freetos_bsp/\libhal_bsp.a(alt_fstat.o)
 .bss           0x080800f0        0x0 ../test_freetos_bsp/\libhal_bsp.a(alt_irq_handler.o)
 .bss           0x080800f0        0x0 ../test_freetos_bsp/\libhal_bsp.a(alt_irq_vars.o)
 .bss           0x080800f0        0x0 ../test_freetos_bsp/\libhal_bsp.a(alt_isatty.o)
 .bss           0x080800f0        0x0 ../test_freetos_bsp/\libhal_bsp.a(alt_lseek.o)
 .bss           0x080800f0        0x0 ../test_freetos_bsp/\libhal_bsp.a(alt_main.o)
 .bss           0x080800f0        0x0 ../test_freetos_bsp/\libhal_bsp.a(alt_malloc_lock.o)
 .bss           0x080800f0        0x0 ../test_freetos_bsp/\libhal_bsp.a(alt_read.o)
 .bss           0x080800f0        0x0 ../test_freetos_bsp/\libhal_bsp.a(alt_release_fd.o)
 .bss           0x080800f0        0x0 ../test_freetos_bsp/\libhal_bsp.a(alt_sbrk.o)
 .bss           0x080800f0        0x0 ../test_freetos_bsp/\libhal_bsp.a(alt_write.o)
 .bss           0x080800f0        0x0 ../test_freetos_bsp/\libhal_bsp.a(alt_sys_init.o)
 .bss           0x080800f0        0x0 ../test_freetos_bsp/\libhal_bsp.a(altera_avalon_cfi_flash.o)
 .bss           0x080800f0        0x0 ../test_freetos_bsp/\libhal_bsp.a(altera_avalon_cfi_flash_table.o)
 .bss           0x080800f0        0x0 ../test_freetos_bsp/\libhal_bsp.a(altera_avalon_jtag_uart_fd.o)
 .bss           0x080800f0        0x0 ../test_freetos_bsp/\libhal_bsp.a(altera_avalon_jtag_uart_init.o)
 .bss           0x080800f0        0x0 ../test_freetos_bsp/\libhal_bsp.a(altera_avalon_jtag_uart_ioctl.o)
 .bss           0x080800f0        0x0 ../test_freetos_bsp/\libhal_bsp.a(altera_avalon_jtag_uart_read.o)
 .bss           0x080800f0        0x0 ../test_freetos_bsp/\libhal_bsp.a(altera_avalon_jtag_uart_write.o)
 .bss           0x080800f0        0x0 ../test_freetos_bsp/\libhal_bsp.a(altera_avalon_lcd_16207.o)
 .bss           0x080800f0        0x0 ../test_freetos_bsp/\libhal_bsp.a(altera_avalon_lcd_16207_fd.o)
 .bss           0x080800f0        0x0 ../test_freetos_bsp/\libhal_bsp.a(altera_avalon_timer_sc.o)
 .bss           0x080800f0        0x0 ../test_freetos_bsp/\libhal_bsp.a(altera_avalon_uart_fd.o)
 .bss           0x080800f0        0x0 ../test_freetos_bsp/\libhal_bsp.a(altera_avalon_uart_init.o)
 .bss           0x080800f0        0x0 ../test_freetos_bsp/\libhal_bsp.a(altera_avalon_uart_read.o)
 .bss           0x080800f0        0x0 ../test_freetos_bsp/\libhal_bsp.a(altera_avalon_uart_write.o)
 .bss           0x080800f0        0x0 ../test_freetos_bsp/\libhal_bsp.a(altera_up_avalon_ps2.o)
 .bss           0x080800f0        0x0 ../test_freetos_bsp/\libhal_bsp.a(altera_up_avalon_video_character_buffer_with_dma.o)
 .bss           0x080800f0        0x0 ../test_freetos_bsp/\libhal_bsp.a(altera_up_avalon_video_pixel_buffer_dma.o)
 .bss           0x080800f0        0x0 ../test_freetos_bsp/\libhal_bsp.a(altera_up_ps2_keyboard.o)
 .bss           0x080800f0        0x0 ../test_freetos_bsp/\libhal_bsp.a(alt_alarm_start.o)
 .bss           0x080800f0        0x0 ../test_freetos_bsp/\libhal_bsp.a(alt_dcache_flush.o)
 .bss           0x080800f0        0x0 ../test_freetos_bsp/\libhal_bsp.a(alt_dev_llist_insert.o)
 .bss           0x080800f0        0x0 ../test_freetos_bsp/\libhal_bsp.a(alt_do_ctors.o)
 .bss           0x080800f0        0x0 ../test_freetos_bsp/\libhal_bsp.a(alt_do_dtors.o)
 .bss           0x080800f0        0x0 ../test_freetos_bsp/\libhal_bsp.a(alt_find_dev.o)
 .bss           0x080800f0        0x0 ../test_freetos_bsp/\libhal_bsp.a(alt_flash_dev.o)
 .bss           0x080800f0        0x0 ../test_freetos_bsp/\libhal_bsp.a(alt_io_redirect.o)
 .bss           0x080800f0        0x0 ../test_freetos_bsp/\libhal_bsp.a(alt_open.o)
 .bss           0x080800f0        0x0 ../test_freetos_bsp/\libhal_bsp.a(alt_tick.o)
 .bss           0x080800f0        0x0 ../test_freetos_bsp/\libhal_bsp.a(alt_usleep.o)
 .bss           0x080800f0        0x0 ../test_freetos_bsp/\libhal_bsp.a(altera_nios2_qsys_irq.o)
 .bss           0x080800f0        0x0 ../test_freetos_bsp/\libhal_bsp.a(altera_avalon_cfi_flash_amd.o)
 .bss           0x080800f0        0x0 ../test_freetos_bsp/\libhal_bsp.a(altera_avalon_cfi_flash_intel.o)
 .bss           0x080800f0        0x0 ../test_freetos_bsp/\libhal_bsp.a(alt_busy_sleep.o)
 .bss           0x080800f0        0x0 ../test_freetos_bsp/\libhal_bsp.a(alt_find_file.o)
 .bss           0x080800f0        0x0 ../test_freetos_bsp/\libhal_bsp.a(alt_get_fd.o)
 .bss           0x080800f0        0x0 c:/altera/13.0/nios2eds/bin/gnu/h-i686-mingw32/bin/../lib/gcc/nios2-elf/4.1.2/../../../../nios2-elf/lib\libc.a(lib_a-atexit.o)
 .bss           0x080800f0        0x0 c:/altera/13.0/nios2eds/bin/gnu/h-i686-mingw32/bin/../lib/gcc/nios2-elf/4.1.2/../../../../nios2-elf/lib\libc.a(lib_a-ctype_.o)
 .bss           0x080800f0        0x0 c:/altera/13.0/nios2eds/bin/gnu/h-i686-mingw32/bin/../lib/gcc/nios2-elf/4.1.2/../../../../nios2-elf/lib\libc.a(lib_a-exit.o)
 .bss           0x080800f0        0x0 c:/altera/13.0/nios2eds/bin/gnu/h-i686-mingw32/bin/../lib/gcc/nios2-elf/4.1.2/../../../../nios2-elf/lib\libc.a(lib_a-strcpy.o)
 .bss           0x080800f0        0x0 c:/altera/13.0/nios2eds/bin/gnu/h-i686-mingw32/bin/../lib/gcc/nios2-elf/4.1.2/../../../../nios2-elf/lib\libc.a(lib_a-__atexit.o)
 .bss           0x080800f0        0x0 c:/altera/13.0/nios2eds/bin/gnu/h-i686-mingw32/bin/../lib/gcc/nios2-elf/4.1.2/../../../../nios2-elf/lib\libc.a(lib_a-__call_atexit.o)
 .bss           0x080800f0        0x0 ../test_freetos_bsp/\libhal_bsp.a(alt_exit.o)
 *(COMMON)
 COMMON         0x080800f0      0x750 obj/default/freertos_test.o
                0x080800f0                char_test
                0x08080154                redLED
                0x08080168                greenLED
                0x0808017c                line_freq
                0x0808018c                freq
                0x080804ac                measurements
                0x080804c0                switch_status
                0x080804d4                RoC
                0x080807f4                reaction_time
                0x08080808                manuallyShed
                0x0808081c                shed_status
                0x08080830                line_roc
 COMMON         0x08080840      0x100 ../test_freetos_bsp/\libhal_bsp.a(alt_irq_handler.o)
                0x08080840                alt_irq
 COMMON         0x08080940      0x190 c:/altera/13.0/nios2eds/bin/gnu/h-i686-mingw32/bin/../lib/gcc/nios2-elf/4.1.2/../../../../nios2-elf/lib\libc.a(lib_a-atexit.o)
                0x08080940                _atexit0
                0x08080ad0                . = ALIGN (0x4)
                0x08080ad0                __bss_end = ABSOLUTE (.)

.onchip_memory  0x00019abc        0x0
                0x00019abc                PROVIDE (_alt_partition_onchip_memory_start, ABSOLUTE (.))
 *(.onchip_memory. onchip_memory.*)
                0x00019abc                . = ALIGN (0x4)
                0x00019abc                PROVIDE (_alt_partition_onchip_memory_end, ABSOLUTE (.))
                0x00019abc                PROVIDE (_alt_partition_onchip_memory_load_addr, LOADADDR (.onchip_memory))

.flash_controller
                0x01000020        0x0
                0x01000020                PROVIDE (_alt_partition_flash_controller_start, ABSOLUTE (.))
 *(.flash_controller. flash_controller.*)
                0x01000020                . = ALIGN (0x4)
                0x01000020                PROVIDE (_alt_partition_flash_controller_end, ABSOLUTE (.))
                0x01000020                PROVIDE (_alt_partition_flash_controller_load_addr, LOADADDR (.flash_controller))

.sdram          0x08080ad0        0x0
                0x08080ad0                PROVIDE (_alt_partition_sdram_start, ABSOLUTE (.))
 *(.sdram. sdram.*)
                0x08080ad0                . = ALIGN (0x4)
                0x08080ad0                PROVIDE (_alt_partition_sdram_end, ABSOLUTE (.))
                0x08080ad0                _end = ABSOLUTE (.)
                0x08080ad0                end = ABSOLUTE (.)
                0x08080ad0                __alt_stack_base = ABSOLUTE (.)
                0x08080ad0                PROVIDE (_alt_partition_sdram_load_addr, LOADADDR (.sdram))

.stab
 *(.stab)

.stabstr
 *(.stabstr)

.stab.excl
 *(.stab.excl)

.stab.exclstr
 *(.stab.exclstr)

.stab.index
 *(.stab.index)

.stab.indexstr
 *(.stab.indexstr)

.comment        0x00000000       0x23
 *(.comment)
 .comment       0x00000000       0x23 obj/default/freertos/croutine.o
                                 0x24 (size before relaxing)
 .comment       0x00000000       0x24 obj/default/freertos/event_groups.o
 .comment       0x00000000       0x24 obj/default/freertos/heap.o
 .comment       0x00000000       0x24 obj/default/freertos/list.o
 .comment       0x00000000       0x24 obj/default/freertos/port.o
 .comment       0x00000000       0x24 obj/default/freertos/queue.o
 .comment       0x00000000       0x24 obj/default/freertos/tasks.o
 .comment       0x00000000       0x24 obj/default/freertos/timers.o
 .comment       0x00000000       0x24 obj/default/freertos_test.o
 .comment       0x00000000       0x24 c:/altera/13.0/nios2eds/bin/gnu/h-i686-mingw32/bin/../lib/gcc/nios2-elf/4.1.2\libgcc.a(_addsub_df.o)
 .comment       0x00000000       0x24 c:/altera/13.0/nios2eds/bin/gnu/h-i686-mingw32/bin/../lib/gcc/nios2-elf/4.1.2\libgcc.a(_mul_df.o)
 .comment       0x00000000       0x24 c:/altera/13.0/nios2eds/bin/gnu/h-i686-mingw32/bin/../lib/gcc/nios2-elf/4.1.2\libgcc.a(_div_df.o)
 .comment       0x00000000       0x24 c:/altera/13.0/nios2eds/bin/gnu/h-i686-mingw32/bin/../lib/gcc/nios2-elf/4.1.2\libgcc.a(_eq_df.o)
 .comment       0x00000000       0x24 c:/altera/13.0/nios2eds/bin/gnu/h-i686-mingw32/bin/../lib/gcc/nios2-elf/4.1.2\libgcc.a(_gt_df.o)
 .comment       0x00000000       0x24 c:/altera/13.0/nios2eds/bin/gnu/h-i686-mingw32/bin/../lib/gcc/nios2-elf/4.1.2\libgcc.a(_lt_df.o)
 .comment       0x00000000       0x24 c:/altera/13.0/nios2eds/bin/gnu/h-i686-mingw32/bin/../lib/gcc/nios2-elf/4.1.2\libgcc.a(_si_to_df.o)
 .comment       0x00000000       0x24 c:/altera/13.0/nios2eds/bin/gnu/h-i686-mingw32/bin/../lib/gcc/nios2-elf/4.1.2\libgcc.a(_df_to_si.o)
 .comment       0x00000000       0x24 c:/altera/13.0/nios2eds/bin/gnu/h-i686-mingw32/bin/../lib/gcc/nios2-elf/4.1.2\libgcc.a(_thenan_df.o)
 .comment       0x00000000       0x24 c:/altera/13.0/nios2eds/bin/gnu/h-i686-mingw32/bin/../lib/gcc/nios2-elf/4.1.2\libgcc.a(_muldi3.o)
 .comment       0x00000000       0x24 c:/altera/13.0/nios2eds/bin/gnu/h-i686-mingw32/bin/../lib/gcc/nios2-elf/4.1.2\libgcc.a(_clzsi2.o)
 .comment       0x00000000       0x24 c:/altera/13.0/nios2eds/bin/gnu/h-i686-mingw32/bin/../lib/gcc/nios2-elf/4.1.2\libgcc.a(_pack_df.o)
 .comment       0x00000000       0x24 c:/altera/13.0/nios2eds/bin/gnu/h-i686-mingw32/bin/../lib/gcc/nios2-elf/4.1.2\libgcc.a(_unpack_df.o)
 .comment       0x00000000       0x24 c:/altera/13.0/nios2eds/bin/gnu/h-i686-mingw32/bin/../lib/gcc/nios2-elf/4.1.2\libgcc.a(_fpcmp_parts_df.o)
 .comment       0x00000000       0x24 c:/altera/13.0/nios2eds/bin/gnu/h-i686-mingw32/bin/../lib/gcc/nios2-elf/4.1.2\libgcc.a(_clz.o)
 .comment       0x00000000       0x24 c:/altera/13.0/nios2eds/bin/gnu/h-i686-mingw32/bin/../lib/gcc/nios2-elf/4.1.2/../../../../nios2-elf/lib\libc.a(lib_a-memcmp.o)
 .comment       0x00000000       0x24 c:/altera/13.0/nios2eds/bin/gnu/h-i686-mingw32/bin/../lib/gcc/nios2-elf/4.1.2/../../../../nios2-elf/lib\libc.a(lib_a-memcpy.o)
 .comment       0x00000000       0x24 c:/altera/13.0/nios2eds/bin/gnu/h-i686-mingw32/bin/../lib/gcc/nios2-elf/4.1.2/../../../../nios2-elf/lib\libc.a(lib_a-memset.o)
 .comment       0x00000000       0x24 c:/altera/13.0/nios2eds/bin/gnu/h-i686-mingw32/bin/../lib/gcc/nios2-elf/4.1.2/../../../../nios2-elf/lib\libc.a(lib_a-printf.o)
 .comment       0x00000000       0x24 c:/altera/13.0/nios2eds/bin/gnu/h-i686-mingw32/bin/../lib/gcc/nios2-elf/4.1.2/../../../../nios2-elf/lib\libc.a(lib_a-puts.o)
 .comment       0x00000000       0x24 c:/altera/13.0/nios2eds/bin/gnu/h-i686-mingw32/bin/../lib/gcc/nios2-elf/4.1.2/../../../../nios2-elf/lib\libc.a(lib_a-sprintf.o)
 .comment       0x00000000       0x24 c:/altera/13.0/nios2eds/bin/gnu/h-i686-mingw32/bin/../lib/gcc/nios2-elf/4.1.2/../../../../nios2-elf/lib\libc.a(lib_a-strlen.o)
 .comment       0x00000000       0x24 c:/altera/13.0/nios2eds/bin/gnu/h-i686-mingw32/bin/../lib/gcc/nios2-elf/4.1.2/../../../../nios2-elf/lib\libc.a(lib_a-vfprintf.o)
 .comment       0x00000000       0x24 c:/altera/13.0/nios2eds/bin/gnu/h-i686-mingw32/bin/../lib/gcc/nios2-elf/4.1.2/../../../../nios2-elf/lib\libc.a(lib_a-wsetup.o)
 .comment       0x00000000       0x24 c:/altera/13.0/nios2eds/bin/gnu/h-i686-mingw32/bin/../lib/gcc/nios2-elf/4.1.2/../../../../nios2-elf/lib\libc.a(lib_a-dtoa.o)
 .comment       0x00000000       0x24 c:/altera/13.0/nios2eds/bin/gnu/h-i686-mingw32/bin/../lib/gcc/nios2-elf/4.1.2/../../../../nios2-elf/lib\libc.a(lib_a-fflush.o)
 .comment       0x00000000       0x24 c:/altera/13.0/nios2eds/bin/gnu/h-i686-mingw32/bin/../lib/gcc/nios2-elf/4.1.2/../../../../nios2-elf/lib\libc.a(lib_a-findfp.o)
 .comment       0x00000000       0x24 c:/altera/13.0/nios2eds/bin/gnu/h-i686-mingw32/bin/../lib/gcc/nios2-elf/4.1.2/../../../../nios2-elf/lib\libc.a(lib_a-freer.o)
 .comment       0x00000000       0x24 c:/altera/13.0/nios2eds/bin/gnu/h-i686-mingw32/bin/../lib/gcc/nios2-elf/4.1.2/../../../../nios2-elf/lib\libc.a(lib_a-fvwrite.o)